[2026-08-16T10:26:17.106Z] Found 15 books needing a cover image.
[2026-08-16T10:26:18.447Z] [1/15] NO-MATCH 6a814f6922387a9a4d6648ab South of the border west of the sun
[2026-08-16T10:26:19.314Z] [2/15] NO-MATCH 6a814f6922387a9a4d6648ac The Strange Library
[2026-08-16T10:26:24.842Z] [3/15] FAIL 6a814f6922387a9a4d6648ad Two Can Keep A Secret - imgbb error: {"status_code":400,"error":{"message":"Rate limit reached.","code":100},"status_txt":"Bad Request"}
[2026-08-16T10:26:30.999Z] [4/15] FAIL 6a814f6922387a9a4d6648ae The Goldfinch - imgbb error: {"status_code":400,"error":{"message":"Rate limit reached.","code":100},"status_txt":"Bad Request"}
[2026-08-16T10:26:37.910Z] [5/15] FAIL 6a814f6922387a9a4d6648af Marple - imgbb error: {"status_code":400,"error":{"message":"Rate limit reached.","code":100},"status_txt":"Bad Request"}
[2026-08-16T10:26:42.449Z] [6/15] FAIL 6a814f6922387a9a4d6648b0 miss marples final cases - imgbb error: {"status_code":400,"error":{"message":"Rate limit reached.","code":100},"status_txt":"Bad Request"}
[2026-08-16T10:26:43.474Z] [7/15] NO-MATCH 6a814f6922387a9a4d6648b1 The life and times of hercule Poirot
[2026-08-16T10:26:48.375Z] [8/15] FAIL 6a814f6922387a9a4d6648b2 Hercule Poirots Silent Night - imgbb error: {"status_code":400,"error":{"message":"Rate limit reached.","code":100},"status_txt":"Bad Request"}
[2026-08-16T10:26:48.379Z] imgbb rate limit hit 5x in a row - stopping early. Re-run later to resume.
[2026-08-16T10:26:48.380Z] DONE. 0 matched, 3 no-match, 5 failed out of 8 processed this run.
[2026-08-16T10:27:53.177Z] Found 20 books needing a cover image.
[2026-08-16T10:27:54.217Z] [1/20] NO-MATCH 6a814f6922387a9a4d6648ab South of the border west of the sun
[2026-08-16T10:27:55.020Z] [2/20] NO-MATCH 6a814f6922387a9a4d6648ac The Strange Library
[2026-08-16T10:27:57.690Z] [3/20] FAIL 6a814f6922387a9a4d6648ad Two Can Keep A Secret - cover id has no real image (missing-cover placeholder)
[2026-08-16T10:28:00.416Z] [4/20] FAIL 6a814f6922387a9a4d6648ae The Goldfinch - cover id has no real image (missing-cover placeholder)
[2026-08-16T10:28:03.142Z] [5/20] FAIL 6a814f6922387a9a4d6648af Marple - cover id has no real image (missing-cover placeholder)
[2026-08-16T10:28:07.429Z] [6/20] FAIL 6a814f6922387a9a4d6648b0 miss marples final cases - cover id has no real image (missing-cover placeholder)
[2026-08-16T10:28:08.351Z] [7/20] NO-MATCH 6a814f6922387a9a4d6648b1 The life and times of hercule Poirot
[2026-08-16T10:28:10.931Z] [8/20] FAIL 6a814f6922387a9a4d6648b2 Hercule Poirots Silent Night - cover id has no real image (missing-cover placeholder)
[2026-08-16T10:28:11.797Z] [9/20] NO-MATCH 6a814f6922387a9a4d6648b3 The Essential book of Tarot (Hard Cover) (Pocket e
[2026-08-16T10:28:14.559Z] [10/20] FAIL 6a814f6922387a9a4d6648b4 A Good Girls Guide to Murder - cover id has no real image (missing-cover placeholder)
[2026-08-16T10:28:15.312Z] [11/20] NO-MATCH 6a814f6922387a9a4d6648b5 And every morning the way home gets longer and lon
[2026-08-16T10:28:18.136Z] [12/20] FAIL 6a814f6922387a9a4d6648b6 The Essential Rumi - cover id has no real image (missing-cover placeholder)
[2026-08-16T10:28:18.831Z] [13/20] NO-MATCH 6a814f6922387a9a4d6648b7 Rumi the Book of Love
[2026-08-16T10:28:21.414Z] [14/20] FAIL 6a814f6922387a9a4d6648b8 The soul of Rumi - cover id has no real image (missing-cover placeholder)
[2026-08-16T10:28:23.978Z] [15/20] FAIL 6a814f6922387a9a4d6648b9 Rumi Bridge to the soul - cover id has no real image (missing-cover placeholder)
[2026-08-16T10:28:24.787Z] [16/20] NO-MATCH 6a814f6922387a9a4d6648ba The love poems of Rumi ( Hard Cover )
[2026-08-16T10:28:25.836Z] [17/20] NO-MATCH 6a814f6922387a9a4d6648bb The Girl Who Drunk The Moon
[2026-08-16T10:28:28.319Z] [18/20] FAIL 6a814f6922387a9a4d6648bc 10 minute 38 second - cover id has no real image (missing-cover placeholder)
[2026-08-16T10:28:31.431Z] [19/20] FAIL 6a814f6922387a9a4d6648bd The island of missing tree - cover id has no real image (missing-cover placeholder)
[2026-08-16T10:28:32.164Z] [20/20] NO-MATCH 6a814f6922387a9a4d6648be The Complete Edger Allan Poe
[2026-08-16T10:28:32.469Z] DONE. 0 matched, 9 no-match, 11 failed out of 20 processed this run.
[2026-08-16T10:29:08.834Z] Found 20 books needing a cover image.
[2026-08-16T10:29:09.592Z] [1/20] NO-MATCH 6a814f6922387a9a4d6648ab South of the border west of the sun
[2026-08-16T10:29:10.486Z] [2/20] NO-MATCH 6a814f6922387a9a4d6648ac The Strange Library
[2026-08-16T10:29:13.587Z] [3/20] OK 6a814f6922387a9a4d6648ad Two Can Keep A Secret <- OL "Two Can Keep a Secret" by Karen M. McManus
[2026-08-16T10:29:16.029Z] [4/20] OK 6a814f6922387a9a4d6648ae The Goldfinch <- OL "The Goldfinch" by Donna Tartt,Katia Benovich
[2026-08-16T10:29:18.904Z] [5/20] OK 6a814f6922387a9a4d6648af Marple <- OL "Miss Marple, the complete short stories" by Agatha Christie
[2026-08-16T10:29:21.273Z] [6/20] OK 6a814f6922387a9a4d6648b0 miss marples final cases <- OL "Miss Marple's Final Cases and Two Other Stories [8 stories]" by Agatha Christie
[2026-08-16T10:29:21.992Z] [7/20] NO-MATCH 6a814f6922387a9a4d6648b1 The life and times of hercule Poirot
[2026-08-16T10:29:24.398Z] [8/20] OK 6a814f6922387a9a4d6648b2 Hercule Poirots Silent Night <- OL "Hercule Poirot's Silent Night" by Sophie Hannah,Agatha Christie
[2026-08-16T10:29:25.144Z] [9/20] NO-MATCH 6a814f6922387a9a4d6648b3 The Essential book of Tarot (Hard Cover) (Pocket e
[2026-08-16T10:29:27.157Z] [10/20] OK 6a814f6922387a9a4d6648b4 A Good Girls Guide to Murder <- OL "A Good Girl's Guide to Murder" by Holly Jackson
[2026-08-16T10:29:28.019Z] [11/20] NO-MATCH 6a814f6922387a9a4d6648b5 And every morning the way home gets longer and lon
[2026-08-16T10:29:32.294Z] [12/20] OK 6a814f6922387a9a4d6648b6 The Essential Rumi <- OL "Essential Rumi, The" by Rumi, Jalaluddin; Barks, Coleman (translated by)
[2026-08-16T10:29:33.590Z] [13/20] NO-MATCH 6a814f6922387a9a4d6648b7 Rumi the Book of Love
[2026-08-16T10:29:39.733Z] [14/20] OK 6a814f6922387a9a4d6648b8 The soul of Rumi <- OL "The Soul of Rumi" by Coleman Barks,Rumi (Jalāl ad-Dīn Muḥammad Balkhī),John Moyne
[2026-08-16T10:29:42.476Z] [15/20] OK 6a814f6922387a9a4d6648b9 Rumi Bridge to the soul <- OL "Rumi: Bridge to the Soul" by Coleman Barks
[2026-08-16T10:29:43.390Z] [16/20] NO-MATCH 6a814f6922387a9a4d6648ba The love poems of Rumi ( Hard Cover )
[2026-08-16T10:29:44.107Z] [17/20] NO-MATCH 6a814f6922387a9a4d6648bb The Girl Who Drunk The Moon
[2026-08-16T10:29:46.693Z] [18/20] OK 6a814f6922387a9a4d6648bc 10 minute 38 second <- OL "10 Minutes 38 Seconds in This Strange World" by Elif Şafak
[2026-08-16T10:29:49.972Z] [19/20] OK 6a814f6922387a9a4d6648bd The island of missing tree <- OL "The Island of Missing Trees" by Elif Şafak
[2026-08-16T10:29:51.122Z] [20/20] NO-MATCH 6a814f6922387a9a4d6648be The Complete Edger Allan Poe
[2026-08-16T10:29:51.426Z] DONE. 11 matched, 9 no-match, 0 failed out of 20 processed this run.
[2026-08-16T10:30:54.264Z] Found 750 books needing a cover image.
[2026-08-16T10:30:55.542Z] [1/750] NO-MATCH 6a814f6922387a9a4d6648ab South of the border west of the sun
[2026-08-16T10:30:56.118Z] [2/750] NO-MATCH 6a814f6922387a9a4d6648ac The Strange Library
[2026-08-16T10:30:56.827Z] [3/750] NO-MATCH 6a814f6922387a9a4d6648b1 The life and times of hercule Poirot
[2026-08-16T10:30:57.550Z] [4/750] NO-MATCH 6a814f6922387a9a4d6648b3 The Essential book of Tarot (Hard Cover) (Pocket e
[2026-08-16T10:30:58.190Z] [5/750] NO-MATCH 6a814f6922387a9a4d6648b5 And every morning the way home gets longer and lon
[2026-08-16T10:30:58.868Z] [6/750] NO-MATCH 6a814f6922387a9a4d6648b7 Rumi the Book of Love
[2026-08-16T10:30:59.655Z] [7/750] NO-MATCH 6a814f6922387a9a4d6648ba The love poems of Rumi ( Hard Cover )
[2026-08-16T10:31:00.398Z] [8/750] NO-MATCH 6a814f6922387a9a4d6648bb The Girl Who Drunk The Moon
[2026-08-16T10:31:00.985Z] [9/750] NO-MATCH 6a814f6922387a9a4d6648be The Complete Edger Allan Poe
[2026-08-16T10:31:05.117Z] [10/750] OK 6a814f6922387a9a4d6648bf On Earth We're Briefly Gorgeous <- OL "On Earth We're Briefly Gorgeous" by Ocean Vuong
[2026-08-16T10:31:05.777Z] [11/750] NO-MATCH 6a814f6922387a9a4d6648c0 My Dark Vanessa A Novel
[2026-08-16T10:31:09.341Z] [12/750] OK 6a814f6922387a9a4d6648c1 Aristotle and Dante discover the secrets <- OL "Aristotle and Dante discover the secrets of the universe" by Benjamin Alire Sáenz
[2026-08-16T10:31:12.716Z] [13/750] OK 6a814f6922387a9a4d6648c2 Beautiful World Where you are <- OL "Beautiful World, Where Are You" by Sally Rooney,Octavi Gil Pujol
[2026-08-16T10:31:13.822Z] [14/750] NO-MATCH 6a814f6922387a9a4d6648c3 Gabriel Garcia 2 books box set
[2026-08-16T10:31:14.739Z] [15/750] NO-MATCH 6a814f6922387a9a4d6648c4 One hundread years of solitude
[2026-08-16T10:31:20.283Z] [16/750] OK 6a814f6922387a9a4d6648c5 Love in the time of cholera <- OL "Love in the Time of Cholera" by Gabriel García Márquez
[2026-08-16T10:31:25.772Z] [17/750] OK 6a814f6922387a9a4d6648c6 collected stories <- OL "Collected Stories" by Gabriel García Márquez
[2026-08-16T10:31:26.473Z] [18/750] NO-MATCH 6a814f6922387a9a4d6648c7 The General in his labyrinth
[2026-08-16T10:31:29.676Z] [19/750] OK 6a814f6922387a9a4d6648c8 No on writes to the Colonel <- OL "No One Writes to the Colonel and Other Short Stories" by Gabriel García Márquez
[2026-08-16T10:31:33.011Z] [20/750] OK 6a814f6922387a9a4d6648c9 Strange pilgrims <- OL "Strange pilgrims" by Gabriel García Márquez
[2026-08-16T10:31:34.933Z] [21/750] OK 6a814f6922387a9a4d6648ca Of love and other demons <- OL "Of Love and Other Demons" by Gabriel García Márquez,Edith Grossman
[2026-08-16T10:31:36.222Z] [22/750] NO-MATCH 6a814f6922387a9a4d6648cb The story of a shipwecked sailor
[2026-08-16T10:31:40.463Z] [23/750] OK 6a814f6922387a9a4d6648cc The Silk Roads <- OL "The Silk Roads" by Peter Frankopan
[2026-08-16T10:31:44.327Z] [24/750] OK 6a814f6922387a9a4d6648cd The Secret History <- OL "The Secret History" by Donna Tartt
[2026-08-16T10:31:45.272Z] [25/750] NO-MATCH 6a814f6922387a9a4d6648ce The Complete Stories
[2026-08-16T10:31:47.632Z] [26/750] OK 6a814f6922387a9a4d6648cf House of Leaves <- OL "House of Leaves" by Mark Z. Danielewski
[2026-08-16T10:31:50.606Z] [27/750] OK 6a814f6922387a9a4d6648d0 Orientalism <- OL "Orientalism" by Edward W. Said
[2026-08-16T10:31:52.167Z] [28/750] OK 6a814f6922387a9a4d6648d1 Gun Germs and Steel <- OL "Guns, Germs, and Steel" by Jared Diamond
[2026-08-16T10:31:52.825Z] [29/750] NO-MATCH 6a814f6922387a9a4d6648d2 Jim Corbett Complete Omnibus
[2026-08-16T10:31:53.459Z] [30/750] NO-MATCH 6a814f6922387a9a4d6648d3 Whereabout (Hardcover )
[2026-08-16T10:31:57.096Z] [31/750] OK 6a814f6922387a9a4d6648d4 Treacle walker <- OL "Treacle Walker" by Alan Garner
[2026-08-16T10:31:57.856Z] [32/750] NO-MATCH 6a814f6922387a9a4d6648d5 Three wild dogs
[2026-08-16T10:31:58.567Z] [33/750] NO-MATCH 6a814f6922387a9a4d6648d6 Khaled Hosseini box 3 book
[2026-08-16T10:31:59.175Z] [34/750] NO-MATCH 6a814f6922387a9a4d6648d7 Architecture from prehistory to climate emergency
[2026-08-16T10:31:59.764Z] [35/750] NO-MATCH 6a814f6922387a9a4d6648d8 Kim Jiyoung Bord 1982
[2026-08-16T10:32:02.131Z] [36/750] NO-MATCH 6a814f6922387a9a4d6648d9 Selected Poems
[2026-08-16T10:32:05.513Z] [37/750] OK 6a814f6922387a9a4d6648da twenty love poems <- OL "Twenty Love Poems and a Song of Despair" by J. Simon Harris,Pablo Neruda
[2026-08-16T10:32:06.138Z] [38/750] NO-MATCH 6a814f6922387a9a4d6648db The Red Haired Woman
[2026-08-16T10:32:08.914Z] [39/750] OK 6a814f6922387a9a4d6648dc Educated <- OL "Educated" by Tara Westover
[2026-08-16T10:32:09.584Z] [40/750] NO-MATCH 6a814f6922387a9a4d6648dd Knife ( Hard Cover )
[2026-08-16T10:32:10.231Z] [41/750] NO-MATCH 6a814f6922387a9a4d6648de The Eleventh Hour ( Hard cover )
[2026-08-16T10:32:10.880Z] [42/750] NO-MATCH 6a814f6922387a9a4d6648df Beloved ( Hard cover )
[2026-08-16T10:32:11.687Z] [43/750] NO-MATCH 6a814f6922387a9a4d6648e0 The Promise
[2026-08-16T10:32:12.516Z] [44/750] NO-MATCH 6a814f6922387a9a4d6648e1 The boy the mole, the fox and the horse
[2026-08-16T10:32:13.185Z] [45/750] NO-MATCH 6a814f6922387a9a4d6648e2 The boy the mole, the fox and the horse the animat
[2026-08-16T10:32:16.055Z] [46/750] OK 6a814f6922387a9a4d6648e3 My brilliante friend <- OL "My Brilliant Friend" by Chiara Lagani,Elena Ferrante,Mara Cerri
[2026-08-16T10:32:20.162Z] [47/750] OK 6a814f6922387a9a4d6648e4 Tomorrow and Tomorrow and Tomorrow <- OL "Tomorrow, and Tomorrow, and Tomorrow" by Gabrielle Zevin
[2026-08-16T10:32:21.013Z] [48/750] NO-MATCH 6a814f6922387a9a4d6648e5 Jonathan Livingston Seagull
[2026-08-16T10:32:23.434Z] [49/750] OK 6a814f6922387a9a4d6648e6 American Psycho <- OL "American Psycho" by Bret Easton Ellis,Mariano Antolín Rato
[2026-08-16T10:32:24.387Z] [50/750] NO-MATCH 6a814f6922387a9a4d6648e7 The secret of secret ( Hard cover )
[2026-08-16T10:32:24.987Z] [51/750] NO-MATCH 6a814f6922387a9a4d6648e8 The Four Agreements ( Hardcover )
[2026-08-16T10:32:27.294Z] [52/750] OK 6a814f6922387a9a4d6648e9 Hunting Adeline <- OL "Hunting Adeline" by H. D. Carlton
[2026-08-16T10:32:28.671Z] [53/750] NO-MATCH 6a814f6922387a9a4d6648ea More Days at morisaki bookshop
[2026-08-16T10:32:30.604Z] [54/750] OK 6a814f6922387a9a4d6648eb Days at Torunka Cafe <- OL "Days at the Torunka Café" by Satoshi Yagisawa,Eric Ozawa
[2026-08-16T10:32:33.569Z] [55/750] OK 6a814f6922387a9a4d6648ec Just Kids <- OL "Just Kids" by Patti Smith,Patti Smith
[2026-08-16T10:32:34.268Z] [56/750] NO-MATCH 6a814f6922387a9a4d6648ed The complete fiction of HP Lovercraft
[2026-08-16T10:32:35.397Z] [57/750] NO-MATCH 6a814f6922387a9a4d6648ee Bauurillard
[2026-08-16T10:32:38.753Z] [58/750] OK 6a814f6922387a9a4d6648ef Sorrow and Bliss <- OL "Sorrow and Bliss" by Meg Mason
[2026-08-16T10:32:41.147Z] [59/750] OK 6a814f6922387a9a4d6648f0 Queens Gambit <- OL "The Queen's gambit" by Walter S. Tevis
[2026-08-16T10:32:41.768Z] [60/750] NO-MATCH 6a814f6922387a9a4d6648f1 Colour Purple
[2026-08-16T10:32:45.915Z] [61/750] OK 6a814f6922387a9a4d6648f2 Lolita <- OL "Lolita" by Vladimir Nabokov
[2026-08-16T10:32:46.566Z] [62/750] NO-MATCH 6a814f6922387a9a4d6648f3 Maus Now ( Hard cover )
[2026-08-16T10:32:49.296Z] [63/750] OK 6a814f6922387a9a4d6648f4 Man and his Symbols <- OL "Man and His Symbols" by Carl Gustav Jung
[2026-08-16T10:32:51.788Z] [64/750] OK 6a814f6922387a9a4d6648f5 Bunny <- OL "Bunny" by Mona Awad
[2026-08-16T10:32:54.861Z] [65/750] OK 6a814f6922387a9a4d6648f6 Butter <- OL "Butter" by Asako Yuzuki
[2026-08-16T10:32:57.194Z] [66/750] OK 6a814f6922387a9a4d6648f7 Tuesday with Morris <- OL "Tuesdays with Morrie" by Mitch Albom
[2026-08-16T10:32:58.170Z] [67/750] NO-MATCH 6a814f6922387a9a4d6648f8 satanic Versers (vintage Paperback )
[2026-08-16T10:33:00.109Z] [68/750] OK 6a814f6922387a9a4d6648f9 Hyperbole and a half <- OL "Hyperbole and a Half" by Allie Brosh
[2026-08-16T10:33:00.843Z] [69/750] NO-MATCH 6a814f6922387a9a4d6648fa Almond
[2026-08-16T10:33:01.667Z] [70/750] NO-MATCH 6a814f6922387a9a4d6648fb Greatest Poetry
[2026-08-16T10:33:02.841Z] [71/750] NO-MATCH 6a814f6922387a9a4d6648fc Shakespeares A Midsummer nights Dream (Forgotten b
[2026-08-16T10:33:03.558Z] [72/750] NO-MATCH 6a814f6922387a9a4d6648fd The Storm Before The Calm ( Hard cover uk edition 
[2026-08-16T10:33:06.321Z] [73/750] OK 6a814f6922387a9a4d6648fe The ocean would paint me blue <- OL "The Ocean Would Paint Me Blue" by Zoulfa Katouh
[2026-08-16T10:33:09.437Z] [74/750] OK 6a814f6922387a9a4d6648ff Demon Copperhead <- OL "Demon Copperhead" by Barbara Kingsolver
[2026-08-16T10:33:10.488Z] [75/750] NO-MATCH 6a814f6922387a9a4d664900 A Distance view of everything
[2026-08-16T10:33:13.018Z] [76/750] OK 6a814f6922387a9a4d664901 Orbital <- OL "Orbital" by Samantha Harvey
[2026-08-16T10:33:19.112Z] [77/750] OK 6a814f6922387a9a4d664902 Adolf Hitler my part in his downfall <- OL "Adolf Hitler: my part in his downfall" by Spike Milligan
[2026-08-16T10:33:20.042Z] [78/750] NO-MATCH 6a814f6922387a9a4d664903 A Woman's Story
[2026-08-16T10:33:20.770Z] [79/750] NO-MATCH 6a814f6922387a9a4d664904 A Man's Place
[2026-08-16T10:33:21.493Z] [80/750] NO-MATCH 6a814f6922387a9a4d664905 Letters to Monica
[2026-08-16T10:33:22.140Z] [81/750] NO-MATCH 6a814f6922387a9a4d664906 The Puffin in Bloom Mini Collection
[2026-08-16T10:33:24.698Z] [82/750] OK 6a814f6922387a9a4d664907 Wild <- OL "Wild" by Cheryl Strayed,Isabel Ferrer,Carlos Milla,Anna Turró Armengol
[2026-08-16T10:33:27.427Z] [83/750] NO-MATCH 6a814f6922387a9a4d664908 How Humans took over the world
[2026-08-16T10:33:28.030Z] [84/750] NO-MATCH 6a814f6922387a9a4d664909 Military Drones ( Hardcover )
[2026-08-16T10:33:30.538Z] [85/750] OK 6a814f6922387a9a4d66490a The Daring Young man On the flying trape <- OL "The daring young man on the flying trapeze, and other stories" by William Saroyan
[2026-08-16T10:33:31.398Z] [86/750] NO-MATCH 6a814f6922387a9a4d66490b This side of Paradise ( Hardcover )
[2026-08-16T10:33:32.142Z] [87/750] NO-MATCH 6a814f6922387a9a4d66490c Watermoon
[2026-08-16T10:33:32.907Z] [88/750] NO-MATCH 6a814f6922387a9a4d66490d End of watch ( mass market paperback uk edition )
[2026-08-16T10:33:33.677Z] [89/750] NO-MATCH 6a814f6922387a9a4d66490e Kitchen
[2026-08-16T10:33:34.371Z] [90/750] NO-MATCH 6a814f6922387a9a4d66490f once upon a devastatingly sweet kiss ( USA Edition
[2026-08-16T10:33:35.020Z] [91/750] NO-MATCH 6a814f6922387a9a4d664910 The blind Owl and other stories ( uk dition )
[2026-08-16T10:33:35.689Z] [92/750] NO-MATCH 6a814f6922387a9a4d664911 My first picture library ( 10 book )
[2026-08-16T10:33:36.392Z] [93/750] NO-MATCH 6a814f6922387a9a4d664912 My First learning Library ( 10 book )
[2026-08-16T10:33:36.981Z] [94/750] NO-MATCH 6a814f6922387a9a4d664913 Non-fiction (1998-2016 )
[2026-08-16T10:33:39.340Z] [95/750] OK 6a814f6922387a9a4d664914 New hopes for a changing world <- OL "New hopes for a changing world" by Bertrand Russell
[2026-08-16T10:33:42.075Z] [96/750] OK 6a814f6922387a9a4d664915 Genius <- OL "Genius" by James Gleick
[2026-08-16T10:33:44.862Z] [97/750] OK 6a814f6922387a9a4d664916 Playground <- OL "Playground" by Richard Powers
[2026-08-16T10:33:45.799Z] [98/750] NO-MATCH 6a814f6922387a9a4d664917 The egyptian book of the dead
[2026-08-16T10:33:47.933Z] [99/750] OK 6a814f6922387a9a4d664918 Sonia and sunny <- OL "The Loneliness of Sonia and Sunny" by Kiran Desai
[2026-08-16T10:33:48.767Z] [100/750] NO-MATCH 6a814f6922387a9a4d664919 Bridget jones Diary ( USA EDITION )
[2026-08-16T10:33:49.477Z] [101/750] NO-MATCH 6a814f6922387a9a4d66491a The Safe keep ( Hardcover )
[2026-08-16T10:33:52.149Z] [102/750] OK 6a814f6922387a9a4d66491b James <- OL "James" by Percival L. Everett
[2026-08-16T10:33:53.796Z] [103/750] OK 6a814f6922387a9a4d66491c Flashlight <- OL "Flashlight" by Susan Choi
[2026-08-16T10:33:59.365Z] [104/750] OK 6a814f6922387a9a4d66491d sweet bean paste <- OL "Sweet bean paste" by Durian Sukegawa
[2026-08-16T10:34:00.813Z] [105/750] NO-MATCH 6a814f6922387a9a4d66491e The real poop on Pigeons ( Hard cover )
[2026-08-16T10:34:01.838Z] [106/750] NO-MATCH 6a814f6922387a9a4d66491f The second world war a captivating guide to world 
[2026-08-16T10:34:02.538Z] [107/750] NO-MATCH 6a814f6922387a9a4d664920 The Restless Republic
[2026-08-16T10:34:06.559Z] [108/750] OK 6a814f6922387a9a4d664921 ways of seeing <- OL "Ways of Seeing" by John Berger
[2026-08-16T10:34:09.285Z] [109/750] OK 6a814f6922387a9a4d664922 Speaking of films <- OL "Speaking of films" by Ray, Satyajit
[2026-08-16T10:34:11.660Z] [110/750] OK 6a814f6922387a9a4d664923 Broken Blade <- OL "Broken Blade" by Kelly McCullough
[2026-08-16T10:34:12.570Z] [111/750] NO-MATCH 6a814f6922387a9a4d664924 Trickes and Traffick box set ( 2 book )
[2026-08-16T10:34:13.305Z] [112/750] NO-MATCH 6a814f6922387a9a4d664925 Seascraper ( Hard cover )
[2026-08-16T10:34:15.700Z] [113/750] OK 6a814f6922387a9a4d664926 The silence of the Lambs <- OL "The Silence of the Lambs" by Thomas Harris
[2026-08-16T10:34:16.463Z] [114/750] NO-MATCH 6a814f6922387a9a4d664927 Literature for people
[2026-08-16T10:34:19.123Z] [115/750] OK 6a814f6922387a9a4d664928 The Pyramid of Mud <- OL "The Pyramid of Mud" by Andrea Camilleri
[2026-08-16T10:34:20.441Z] [116/750] OK 6a814f6922387a9a4d664929 Creation lake <- OL "Creation Lake" by Rachel Kushner
[2026-08-16T10:34:21.272Z] [117/750] NO-MATCH 6a814f6922387a9a4d66492a The Inventions recharches and writings of nikola t
[2026-08-16T10:34:21.844Z] [118/750] NO-MATCH 6a814f6922387a9a4d66492b Flesh
[2026-08-16T10:34:22.550Z] [119/750] NO-MATCH 6a814f6922387a9a4d66492c The Noh Mask Murder
[2026-08-16T10:34:23.317Z] [120/750] NO-MATCH 6a814f6922387a9a4d66492d Fake History 101 things that never happened
[2026-08-16T10:34:26.149Z] [121/750] OK 6a814f6922387a9a4d66492e The guns of August <- OL "The Guns of August" by Barbara Tuchman
[2026-08-16T10:34:28.558Z] [122/750] OK 6a814f6922387a9a4d66492f The philosophy of the Logical Atomism <- OL "The philosophy of logical atomism" by Bertrand Russell
[2026-08-16T10:34:30.469Z] [123/750] OK 6a814f6922387a9a4d664930 Urban Design made by Humans <- OL "Urban Design Made by Humans" by Philip D. Plowright,Anirban Adhya
[2026-08-16T10:34:31.530Z] [124/750] NO-MATCH 6a814f6922387a9a4d664931 DK The History Book
[2026-08-16T10:34:32.260Z] [125/750] NO-MATCH 6a814f6922387a9a4d664932 Destruction and sorrow beneath the heavens
[2026-08-16T10:34:35.081Z] [126/750] OK 6a814f6922387a9a4d664933 The Ministry for the future <- OL "The Ministry for the Future" by Kim Stanley Robinson,Simon Saito
[2026-08-16T10:34:38.088Z] [127/750] OK 6a814f6922387a9a4d664934 The Philosophy of logical Atomism <- OL "The philosophy of logical atomism" by Bertrand Russell
[2026-08-16T10:34:40.524Z] [128/750] OK 6a814f6922387a9a4d664935 The Four Books <- OL "The four books" by Lianke Yan
[2026-08-16T10:34:41.208Z] [129/750] NO-MATCH 6a814f6922387a9a4d664936 Peaky Blinders Trilogy
[2026-08-16T10:34:42.053Z] [130/750] NO-MATCH 6a814f6922387a9a4d664937 The Labyrinth house Murders
[2026-08-16T10:34:44.323Z] [131/750] OK 6a814f6922387a9a4d664938 Before Night falls <- OL "Before Night Falls" by Reinaldo Arenas,Dolores M. Koch,Jaime Manrique
[2026-08-16T10:34:46.637Z] [132/750] OK 6a814f6922387a9a4d664939 The Ink black heart <- OL "The Ink Black Heart" by Robert Galbraith
[2026-08-16T10:34:49.269Z] [133/750] OK 6a814f6922387a9a4d66493a Language of fiction <- OL "Language of fiction" by David Lodge
[2026-08-16T10:34:50.047Z] [134/750] NO-MATCH 6a814f6922387a9a4d66493b The Dark mirror
[2026-08-16T10:34:50.744Z] [135/750] NO-MATCH 6a814f6922387a9a4d66493c A Terrible Kindness
[2026-08-16T10:34:51.512Z] [136/750] NO-MATCH 6a814f6922387a9a4d66493d Hooked
[2026-08-16T10:34:55.938Z] [137/750] OK 6a814f6922387a9a4d66493e The secret history of the world <- OL "Secret History of the World" by Jonathan Black
[2026-08-16T10:34:58.188Z] [138/750] OK 6a814f6922387a9a4d66493f The Anatomy of story <- OL "The anatomy of story" by John Truby
[2026-08-16T10:35:00.829Z] [139/750] OK 6a814f6922387a9a4d664940 Who they was <- OL "Who They Was" by Gabriel Krauze
[2026-08-16T10:35:01.471Z] [140/750] NO-MATCH 6a814f6922387a9a4d664941 Terrific Mother
[2026-08-16T10:35:02.965Z] [141/750] OK 6a814f6922387a9a4d664942 Taiwan Travelogue <- OL "Taiwan Travelogue" by Shuang-zi Yang
[2026-08-16T10:35:03.898Z] [142/750] NO-MATCH 6a814f6922387a9a4d664943 Rogues Widows And Orphans ( Hardcover )
[2026-08-16T10:35:05.896Z] [143/750] NO-MATCH 6a814f6922387a9a4d664944 Kin
[2026-08-16T10:35:07.016Z] [144/750] NO-MATCH 6a814f6922387a9a4d664945 The lion women Of Tehran
[2026-08-16T10:35:07.747Z] [145/750] NO-MATCH 6a814f6922387a9a4d664946 The flat Share
[2026-08-16T10:35:08.724Z] [146/750] NO-MATCH 6a814f6922387a9a4d664947 One True Lovers
[2026-08-16T10:35:11.700Z] [147/750] OK 6a814f6922387a9a4d664948 After I do <- OL "After I do" by Taylor Jenkins Reid
[2026-08-16T10:35:18.122Z] [148/750] OK 6a814f6922387a9a4d664949 Hook, line and sinker <- OL "Hook, Line, and Sinker" by Tessa Bailey
[2026-08-16T10:35:21.682Z] [149/750] OK 6a814f6922387a9a4d66494a A Thousand broken <- OL "A Thousand Broken Pieces" by Tillie Cole
[2026-08-16T10:35:22.601Z] [150/750] NO-MATCH 6a814f6922387a9a4d66494b Happiness for Beginners ( USA edition )
[2026-08-16T10:35:23.372Z] [151/750] NO-MATCH 6a814f6922387a9a4d66494c The third wifr of faraday house ( USA edition )
[2026-08-16T10:35:23.995Z] [152/750] NO-MATCH 6a814f6922387a9a4d66494d The seven year slip ( Hardcover edition )
[2026-08-16T10:35:27.280Z] [153/750] OK 6a814f6922387a9a4d66494e How to Talk so Teens will Listen & Liste <- OL "How to talk so teens will listen-- & listen so teens will talk" by Adele Faber
[2026-08-16T10:35:29.650Z] [154/750] OK 6a814f6922387a9a4d66494f Freakonomics <- OL "Freakonomics" by Steven D. Levitt,Stephen J. Dubner,Andrea Montero Cusset
[2026-08-16T10:35:34.171Z] [155/750] OK 6a814f6922387a9a4d664950 The Power of Habit <- OL "The Power of Habit" by Charles Duhigg
[2026-08-16T10:35:34.902Z] [156/750] NO-MATCH 6a814f6922387a9a4d664951 The 50th cent
[2026-08-16T10:35:35.813Z] [157/750] NO-MATCH 6a814f6922387a9a4d664952 Top 50 World’s Greatest Short Stories, Speeches, L
[2026-08-16T10:35:36.766Z] [158/750] NO-MATCH 6a814f6922387a9a4d664953 CBSE All In One Information Practices Class 11 for
[2026-08-16T10:35:41.546Z] [159/750] OK 6a814f6922387a9a4d664954 Playing It My Way My Autobiography <- OL "Playing It My Way: My Autobiography" by Boria Majumdar,Sachin Tendulkar
[2026-08-16T10:35:49.005Z] [160/750] OK 6a814f6922387a9a4d664955 Homo Deus <- OL "Sapiens/Homo Deus box set" by Yuval Noah Harari
[2026-08-16T10:35:52.691Z] [161/750] OK 6a814f6922387a9a4d664956 Love for Imperfects Things <- OL "Love for Imperfect Things" by Haemin Sunim
[2026-08-16T10:35:55.492Z] [162/750] OK 6a814f6922387a9a4d664957 the lean startup <- OL "The Lean Startup" by Eric Ries
[2026-08-16T10:35:58.323Z] [163/750] OK 6a814f6922387a9a4d664958 Less <- OL "Less" by Andrew Sean Greer
[2026-08-16T10:36:01.136Z] [164/750] OK 6a814f6922387a9a4d664959 The 7 Habits of Highly Effective People <- OL "The 7 Habits of Highly Effective People" by Stephen R. Covey,Sean Covey
[2026-08-16T10:36:03.720Z] [165/750] OK 6a814f6922387a9a4d66495a Eat That Frog <- OL "Eat That Frog! 21 Great Ways to Stop Procrastinating and Get More Done in Less Time" by Brian Tracy
[2026-08-16T10:36:06.413Z] [166/750] OK 6a814f6922387a9a4d66495b As a man Thinketh <- OL "As a man thinketh" by James Allen
[2026-08-16T10:36:07.181Z] [167/750] NO-MATCH 6a814f6922387a9a4d66495c The Power of Naw
[2026-08-16T10:36:08.176Z] [168/750] NO-MATCH 6a814f6922387a9a4d66495d Do Epic Shit ( Hardcover )
[2026-08-16T10:36:12.216Z] [169/750] OK 6a814f6922387a9a4d66495e The Compound Effect <- OL "The Compound effect" by Darren Hardy
[2026-08-16T10:36:12.992Z] [170/750] NO-MATCH 6a814f6922387a9a4d66495f The subtel Art of Not Giving A F*ck
[2026-08-16T10:36:13.717Z] [171/750] NO-MATCH 6a814f6922387a9a4d664960 Everything is Fucked
[2026-08-16T10:36:14.283Z] [172/750] NO-MATCH 6a814f6922387a9a4d664961 Lykke ( Hard Cover )
[2026-08-16T10:36:18.356Z] [173/750] OK 6a814f6922387a9a4d664962 Influence <- OL "Influence" by Robert B. Cialdini
[2026-08-16T10:36:19.912Z] [174/750] OK 6a814f6922387a9a4d664963 30 days vocabulary <- OL "30 Days to a More Powerful Vocabulary" by Wilfred John Funk,Norman Lewis
[2026-08-16T10:36:23.301Z] [175/750] OK 6a814f6922387a9a4d664964 The Highly sensitive person <- OL "The highly sensitive person" by Elaine N. Aron
[2026-08-16T10:36:23.657Z] --- progress: 175/750 processed, 80 matched, 95 no-match, 0 failed ---
[2026-08-16T10:36:25.649Z] [176/750] OK 6a814f6922387a9a4d664965 six pillars of self-esteem <- OL "The six pillars of self-esteem" by Nathaniel Branden
[2026-08-16T10:36:26.697Z] [177/750] NO-MATCH 6a814f6922387a9a4d664966 Hooked ( Hard Cover )
[2026-08-16T10:36:29.078Z] [178/750] OK 6a814f6922387a9a4d664967 Good Economic for Hard times <- OL "Good Economics for Hard Times" by Abhijit Banerjee,Esther Duflo
[2026-08-16T10:36:34.303Z] [179/750] OK 6a814f6922387a9a4d664968 The one minute manager <- OL "The one minute manager" by Kenneth H. Blanchard,Spencer Johnson,Kenneth Blanchard
[2026-08-16T10:36:35.459Z] [180/750] NO-MATCH 6a814f6922387a9a4d664969 why nations fail
[2026-08-16T10:36:36.185Z] [181/750] NO-MATCH 6a814f6922387a9a4d66496a The Snowball ( Uk edition )
[2026-08-16T10:36:36.771Z] [182/750] NO-MATCH 6a814f6922387a9a4d66496b Mango Millionaire
[2026-08-16T10:36:41.111Z] [183/750] OK 6a814f6922387a9a4d66496c Secret of the millionaire mind <- OL "Secrets of the Millionaire Mind" by T. Harv Eker
[2026-08-16T10:36:44.533Z] [184/750] OK 6a814f6922387a9a4d66496d The elegant universe <- OL "The Elegant Universe" by Brian Greene
[2026-08-16T10:36:45.517Z] [185/750] NO-MATCH 6a814f6922387a9a4d66496e The Ultimate Hitchers Guide ToThe Galaxy
[2026-08-16T10:36:46.177Z] [186/750] NO-MATCH 6a814f6922387a9a4d66496f Project Hailmary
[2026-08-16T10:36:47.112Z] [187/750] NO-MATCH 6a814f6922387a9a4d664970 The Three body problem trilogy box set
[2026-08-16T10:36:50.375Z] [188/750] OK 6a814f6922387a9a4d664971 Einsteins Unfinished Revolution <- OL "Einstein's Unfinished Revolution" by Lee Smolin
[2026-08-16T10:36:52.729Z] [189/750] OK 6a814f6922387a9a4d664972 Brocas Brain <- OL "Broca's Brain" by Carl Sagan
[2026-08-16T10:36:53.413Z] [190/750] NO-MATCH 6a814f6922387a9a4d664973 The Atlas Complex ( Hardcover )
[2026-08-16T10:36:56.642Z] [191/750] OK 6a814f6922387a9a4d664974 Castles made of sand <- OL "Castles made of sand" by Gwyneth Jones
[2026-08-16T10:36:58.428Z] [192/750] OK 6a814f6922387a9a4d664975 Raising the stones <- OL "Raising the stones" by Sheri S. Tepper
[2026-08-16T10:37:01.195Z] [193/750] OK 6a814f6922387a9a4d664976 Odd John <- OL "Odd John & Sirius" by Olaf Stapledon
[2026-08-16T10:37:03.576Z] [194/750] OK 6a814f6922387a9a4d664977 This is the way the world end <- OL "This is the way the world ends" by James Morrow
[2026-08-16T10:37:04.316Z] [195/750] NO-MATCH 6a814f6922387a9a4d664978 The Hobbit & The Lord of the Rings Gift edition bo
[2026-08-16T10:37:05.156Z] [196/750] NO-MATCH 6a814f6922387a9a4d664979 The Hobbit & The Lord of the Rings illustrated edi
[2026-08-16T10:37:05.871Z] [197/750] NO-MATCH 6a814f6922387a9a4d66497a The Hobbit Facsimile Gift Edition [Lenticular cove
[2026-08-16T10:37:06.781Z] [198/750] NO-MATCH 6a814f6922387a9a4d66497b The Hobbit ( Paperback  uk edition )
[2026-08-16T10:37:08.931Z] [199/750] OK 6a814f6922387a9a4d66497c The Adventure of tom Bombadil <- OL "The Adventures of Tom Bombadil and Other Verses from the Red Book" by J.R.R. Tolkien
[2026-08-16T10:37:09.837Z] [200/750] NO-MATCH 6a814f6922387a9a4d66497d Harry Potter 7 Books box adult box set   (Paperbac
[2026-08-16T10:37:10.900Z] [201/750] NO-MATCH 6a814f6922387a9a4d66497e Harry potter philosoper stone ( illustrated )
[2026-08-16T10:37:11.572Z] [202/750] NO-MATCH 6a814f6922387a9a4d66497f Harry potter Chamber of secret ( Illustrated )
[2026-08-16T10:37:12.274Z] [203/750] NO-MATCH 6a814f6922387a9a4d664980 Harry potter Prisoner of Azkaban ( Illustrated )
[2026-08-16T10:37:13.401Z] [204/750] NO-MATCH 6a814f6922387a9a4d664981 Harry potter Order of Phoenix ( Illustrated )
[2026-08-16T10:37:14.057Z] [205/750] NO-MATCH 6a814f6922387a9a4d664982 Harry Potter And The Philosophers Stone (Minalima 
[2026-08-16T10:37:14.744Z] [206/750] NO-MATCH 6a814f6922387a9a4d664983 Harry Potter and the Chamber of Secrets (Minalima 
[2026-08-16T10:37:15.430Z] [207/750] NO-MATCH 6a814f6922387a9a4d664984 Harry potter and the prisoner of azkaban (Minalima
[2026-08-16T10:37:17.177Z] [208/750] OK 6a814f6922387a9a4d664985 Harry Potter Minalima box set (3 Book ) <- OL "Harry Potter Books 1-3 Boxed Set (MinaLima Editions)" by J. K. Rowling,Minalima Design
[2026-08-16T10:37:20.200Z] [209/750] OK 6a814f6922387a9a4d664986 Harry potter wizarding almanac <- OL "Harry Potter Wizarding Almanac" by J. K. Rowling,Peter Goes,Louise Lockhart
[2026-08-16T10:37:20.890Z] [210/750] NO-MATCH 6a814f6922387a9a4d664987 Harry potter Christmas Hogwarts ( Hard cover )
[2026-08-16T10:37:21.491Z] [211/750] NO-MATCH 6a814f6922387a9a4d664988 Fire and Blood ( paperback )
[2026-08-16T10:37:22.194Z] [212/750] NO-MATCH 6a814f6922387a9a4d664989 The rise of the Dragon ( Illustrated )
[2026-08-16T10:37:25.016Z] [213/750] OK 6a814f6922387a9a4d66498b Starsight <- OL "Starsight" by Brandon Sanderson
[2026-08-16T10:37:27.728Z] [214/750] OK 6a814f6922387a9a4d66498c Calamity <- OL "Calamity" by Brandon Sanderson
[2026-08-16T10:37:28.622Z] [215/750] NO-MATCH 6a814f6922387a9a4d66498d The Folk of the Air Trilogy (3 books box set)
[2026-08-16T10:37:31.117Z] [216/750] OK 6a814f6922387a9a4d66498e as good as dead <- OL "As Good As Dead" by Holly Jackson
[2026-08-16T10:37:34.086Z] [217/750] OK 6a814f6922387a9a4d66498f Percy Jackson Box set ( 5 book ) <- OL "Percy Jackson and the Olympians 5 Book Paperback Boxed Set with Poster" by Rick Riordan
[2026-08-16T10:37:35.374Z] [218/750] NO-MATCH 6a814f6922387a9a4d664990 Heros of Olympus series ( 5 book )
[2026-08-16T10:37:36.050Z] [219/750] NO-MATCH 6a814f6922387a9a4d664991 The Trials of Apollo collection ( 5 book )
[2026-08-16T10:37:39.690Z] [220/750] OK 6a814f6922387a9a4d664992 The First Law Trilogy box set <- OL "First Law Trilogy Boxed Set The Blade Itself, Before They Are Hanged, Last Argument of Kings" by Joe Abercrombie
[2026-08-16T10:37:40.486Z] [221/750] NO-MATCH 6a814f6922387a9a4d664993 Mortal Instrument series
[2026-08-16T10:37:42.663Z] [222/750] OK 6a814f6922387a9a4d664994 Neverwhere <- OL "Neverwhere" by Neil Gaiman
[2026-08-16T10:37:43.408Z] [223/750] NO-MATCH 6a814f6922387a9a4d664995 Good Omens ( uk edition )
[2026-08-16T10:37:45.883Z] [224/750] OK 6a814f6922387a9a4d664996 House of Flame and Shadow <- OL "House of Flame and Shadow" by Sarah J. Maas
[2026-08-16T10:37:46.761Z] [225/750] NO-MATCH 6a814f6922387a9a4d664997 The sky atlas
[2026-08-16T10:37:48.401Z] [226/750] NO-MATCH 6a814f6922387a9a4d664998 Poppy war trilogy ( 3 book )
[2026-08-16T10:37:49.046Z] [227/750] NO-MATCH 6a814f6922387a9a4d664999 The Farseer Trilogy Collection (3 books set)
[2026-08-16T10:37:49.799Z] [228/750] NO-MATCH 6a814f6922387a9a4d66499a Notes From underground and the double ( penguin cl
[2026-08-16T10:37:50.528Z] [229/750] NO-MATCH 6a814f6922387a9a4d66499b Poor Folk and other stories
[2026-08-16T10:37:51.477Z] [230/750] NO-MATCH 6a814f6922387a9a4d66499c Demons ( penguin classic  )
[2026-08-16T10:37:52.179Z] [231/750] NO-MATCH 6a814f6922387a9a4d66499d The Gambler and other Stories
[2026-08-16T10:37:54.969Z] [232/750] OK 6a814f6922387a9a4d66499e White nights <- OL "Dostoyevsky. Notes From Underground / White Nights / The Dream of a Ridiculous Man / Selections from The House of the Dead" by Fyodor Dostoyevsky
[2026-08-16T10:37:57.357Z] [233/750] NO-MATCH 6a814f6922387a9a4d66499f The Adolescent
[2026-08-16T10:37:58.149Z] [234/750] NO-MATCH 6a814f6922387a9a4d6649a0 selected works Fyodor Dostoevsky box set
[2026-08-16T10:37:59.117Z] [235/750] NO-MATCH 6a814f6922387a9a4d6649a1 Great Short Works of Fyodor Dostoevsky ( 8 work )
[2026-08-16T10:37:59.963Z] [236/750] NO-MATCH 6a814f6922387a9a4d6649a2 letters to Milena
[2026-08-16T10:38:05.994Z] [237/750] OK 6a814f6922387a9a4d6649a3 The winter of our discontent <- OL "The Winter of Our Discontent" by John Steinbeck
[2026-08-16T10:38:07.119Z] [238/750] NO-MATCH 6a814f6922387a9a4d6649a4 sweet Thrusday
[2026-08-16T10:38:10.426Z] [239/750] OK 6a814f6922387a9a4d6649a5 The Acts of king arthur <- OL "The acts of King Arthur and his noble knights" by John Steinbeck,Thomas Malory
[2026-08-16T10:38:15.818Z] [240/750] OK 6a814f6922387a9a4d6649a6 The Pearl <- OL "The Pearl" by John Steinbeck
[2026-08-16T10:38:19.563Z] [241/750] OK 6a814f6922387a9a4d6649a7 twilight of the idols and the anti-chris <- OL "Twilight of the Idols and the Anti-Christ" by Friedrich Nietzsche
[2026-08-16T10:38:20.363Z] [242/750] NO-MATCH 6a814f6922387a9a4d6649a8 To the lighthouse ( Penguin Classic )
[2026-08-16T10:38:21.186Z] [243/750] NO-MATCH 6a814f6922387a9a4d6649a9 Selected short stories
[2026-08-16T10:38:21.790Z] [244/750] NO-MATCH 6a814f6922387a9a4d6649aa Jacobs room ( vintage classic )
[2026-08-16T10:38:22.526Z] [245/750] NO-MATCH 6a814f6922387a9a4d6649ab Virginia woolf collection ( 4 book )
[2026-08-16T10:38:25.419Z] [246/750] OK 6a814f6922387a9a4d6649ac Giovannis room <- OL "Giovanni's Room" by James Baldwin
[2026-08-16T10:38:28.722Z] [247/750] OK 6a814f6922387a9a4d6649ad No Name in the Street <- OL "No Name in the Street" by James Baldwin
[2026-08-16T10:38:31.199Z] [248/750] OK 6a814f6922387a9a4d6649ae Nobody Knows my name <- OL "Nobody Knows My Name" by James Baldwin
[2026-08-16T10:38:33.846Z] [249/750] OK 6a814f6922387a9a4d6649af Love and Friendship and other youthful w <- OL "Love & Friendship and other youthful writings" by Jane Austen
[2026-08-16T10:38:36.797Z] [250/750] OK 6a814f6922387a9a4d6649b0 Raising Demons <- OL "Raising demons" by Shirley Jackson
[2026-08-16T10:38:37.150Z] --- progress: 250/750 processed, 111 matched, 139 no-match, 0 failed ---
[2026-08-16T10:38:39.407Z] [251/750] OK 6a814f6922387a9a4d6649b1 The road through the wall <- OL "The road through the wall" by Shirley Jackson,Ruth Franklin
[2026-08-16T10:38:40.493Z] [252/750] NO-MATCH 6a814f6922387a9a4d6649b2 Hangasaman
[2026-08-16T10:38:42.869Z] [253/750] OK 6a814f6922387a9a4d6649b3 Brideshead Revisited <- OL "Brideshead Revisited" by Evelyn Waugh
[2026-08-16T10:38:45.469Z] [254/750] OK 6a814f6922387a9a4d6649b4 Vile Bodies <- OL "Vile Bodies" by Evelyn Waugh
[2026-08-16T10:38:46.335Z] [255/750] NO-MATCH 6a814f6922387a9a4d6649b5 Sword of Honour
[2026-08-16T10:38:48.535Z] [256/750] OK 6a814f6922387a9a4d6649b6 Put out more Flags <- OL "Put Out More Flags" by Evelyn Waugh
[2026-08-16T10:38:49.293Z] [257/750] NO-MATCH 6a814f6922387a9a4d6649b7 The ordeal of gibert pinfold
[2026-08-16T10:38:54.963Z] [258/750] OK 6a814f6922387a9a4d6649b8 Decline and fall <- OL "Decline and Fall" by Evelyn Waugh
[2026-08-16T10:38:57.360Z] [259/750] OK 6a814f6922387a9a4d6649b9 men at arms <- OL "Men at Arms" by Evelyn Waugh
[2026-08-16T10:38:58.210Z] [260/750] NO-MATCH 6a814f6922387a9a4d6649ba Our Ancestors
[2026-08-16T10:39:01.277Z] [261/750] OK 6a814f6922387a9a4d6649bb Why Read the classics <- OL "Why read the classics?" by Italo Calvino
[2026-08-16T10:39:02.021Z] [262/750] NO-MATCH 6a814f6922387a9a4d6649bc Under the Gaguar sun
[2026-08-16T10:39:05.269Z] [263/750] OK 6a814f6922387a9a4d6649bd If On a winters night a traveller <- OL "If on a Winter's Night a Traveler" by Italo Calvino
[2026-08-16T10:39:05.885Z] [264/750] NO-MATCH 6a814f6922387a9a4d6649be Invisible citys
[2026-08-16T10:39:08.234Z] [265/750] OK 6a814f6922387a9a4d6649bf Flush <- OL "Flush" by Virginia Woolf,Eileen Atkins,Katyuli Lloyd,Jose KING,Jordi Fernando,Rafael Vázquez Zamora
[2026-08-16T10:39:08.882Z] [266/750] NO-MATCH 6a814f6922387a9a4d6649c0 Exile and the Kingdom stories
[2026-08-16T10:39:09.711Z] [267/750] NO-MATCH 6a814f6922387a9a4d6649c1 The first man
[2026-08-16T10:39:13.341Z] [268/750] OK 6a814f6922387a9a4d6649c2 personal writings <- OL "Personal Writings" by Albert Camus,Justin O'Brien
[2026-08-16T10:39:14.648Z] [269/750] NO-MATCH 6a814f6922387a9a4d6649c3 Speaking out lectures and speeches 1937-58
[2026-08-16T10:39:18.935Z] [270/750] OK 6a814f6922387a9a4d6649c4 Burmese Days <- OL "Burmese Days" by George Orwell
[2026-08-16T10:39:22.741Z] [271/750] OK 6a814f6922387a9a4d6649c5 Coming up For air <- OL "Coming Up for Air" by George Orwell
[2026-08-16T10:39:23.734Z] [272/750] NO-MATCH 6a814f6922387a9a4d6649c6 The Complete Novels
[2026-08-16T10:39:26.733Z] [273/750] OK 6a814f6922387a9a4d6649c7 The lion and the Unicorn <- OL "The Lion and the Unicorn" by George Orwell
[2026-08-16T10:39:27.699Z] [274/750] NO-MATCH 6a814f6922387a9a4d6649c8 Diaries
[2026-08-16T10:39:30.474Z] [275/750] OK 6a814f6922387a9a4d6649c9 Seeing things as they are <- OL "Seeing Things as They Are" by George Orwell
[2026-08-16T10:39:30.828Z] --- progress: 275/750 processed, 125 matched, 150 no-match, 0 failed ---
[2026-08-16T10:39:35.151Z] [276/750] OK 6a814f6922387a9a4d6649ca Orwells England <- OL "Orwell's England" by George Orwell,Peter Davison,Ben Pimlott
[2026-08-16T10:39:39.489Z] [277/750] OK 6a814f6922387a9a4d6649cb A life in letters <- OL "A Life in Letters" by George Orwell
[2026-08-16T10:39:40.626Z] [278/750] NO-MATCH 6a814f6922387a9a4d6649cc The best of George Orwell
[2026-08-16T10:39:44.341Z] [279/750] OK 6a814f6922387a9a4d6649cd The Psychopathology of everyday life <- OL "Zur psychopathologie des alltagslebens (The psychopathology of everyday life)" by Sigmund Freud
[2026-08-16T10:39:46.907Z] [280/750] OK 6a814f6922387a9a4d6649ce The Psychology of love <- OL "Sexuality and the psychology of love" by Sigmund Freud
[2026-08-16T10:39:49.385Z] [281/750] OK 6a814f6922387a9a4d6649cf Great Expectation <- OL "Great Expectations" by Charles Dickens
[2026-08-16T10:39:52.915Z] [282/750] OK 6a814f6922387a9a4d6649d0 Our Mutual Friend <- OL "Our Mutual Friend" by Charles Dickens,Margeret Tarner,Adam Leverton
[2026-08-16T10:39:55.425Z] [283/750] OK 6a814f6922387a9a4d6649d1 Dombey and son <- OL "Dombey and Son" by Charles Dickens
[2026-08-16T10:39:57.745Z] [284/750] OK 6a814f6922387a9a4d6649d2 The old Curiosity shop <- OL "The Old Curiosity Shop" by Charles Dickens
[2026-08-16T10:40:01.609Z] [285/750] OK 6a814f6922387a9a4d6649d3 Selected Short Fiction <- OL "Selected Short Fiction" by Charles Dickens
[2026-08-16T10:40:02.487Z] [286/750] NO-MATCH 6a814f6922387a9a4d6649d4 David Copperfirld
[2026-08-16T10:40:03.782Z] [287/750] NO-MATCH 6a814f6922387a9a4d6649d5 Selected poems
[2026-08-16T10:40:04.997Z] [288/750] NO-MATCH 6a814f6922387a9a4d6649d6 The book of sand
[2026-08-16T10:40:08.958Z] [289/750] OK 6a814f6922387a9a4d6649d7 The Total Library <- OL "The total library" by Jorge Luis Borges
[2026-08-16T10:40:11.431Z] [290/750] OK 6a814f6922387a9a4d6649d8 Confessions of Felix Krull <- OL "Confessions of Felix Krull" by Thomas Mann
[2026-08-16T10:40:14.098Z] [291/750] OK 6a814f6922387a9a4d6649d9 Mario and the Magician and other stories <- OL "Mario and the magician and other stories" by Thomas Mann
[2026-08-16T10:40:14.752Z] [292/750] NO-MATCH 6a814f6922387a9a4d6649da Either / or a Fragments of life
[2026-08-16T10:40:16.101Z] [293/750] OK 6a814f6922387a9a4d6649db Fear and Trembling <- OL "Fear and trembling, and, The sickness into death" by Søren Kierkegaard,Walter Lowrie,Gordon Marino
[2026-08-16T10:40:19.639Z] [294/750] OK 6a814f6922387a9a4d6649dc Cats Cradle <- OL "Cat's Cradle" by Kurt Vonnegut
[2026-08-16T10:40:21.936Z] [295/750] OK 6a814f6922387a9a4d6649dd Breakfast of Champions <- OL "Breakfast of Champions" by Kurt Vonnegut
[2026-08-16T10:40:22.579Z] [296/750] NO-MATCH 6a814f6922387a9a4d6649de The sirens if Titan
[2026-08-16T10:40:24.922Z] [297/750] OK 6a814f6922387a9a4d6649df Transparent Things <- OL "Transparent things" by Vladimir Nabokov
[2026-08-16T10:40:28.970Z] [298/750] OK 6a814f6922387a9a4d6649e0 Letters to Vera <- OL "Letters to Véra" by Vladimir Nabokov,Olga Voronina,Brian Boyd
[2026-08-16T10:40:31.267Z] [299/750] OK 6a814f6922387a9a4d6649e1 Pnin <- OL "Pnin" by Vladimir Nabokov,Enrique Murillo
[2026-08-16T10:40:33.591Z] [300/750] OK 6a814f6922387a9a4d6649e2 what is art ? <- OL "What is art?" by Tolstoy, Leo, graf, 1828-1910
[2026-08-16T10:40:33.944Z] --- progress: 300/750 processed, 144 matched, 156 no-match, 0 failed ---
[2026-08-16T10:40:34.563Z] [301/750] NO-MATCH 6a814f6922387a9a4d6649e3 Resurrection
[2026-08-16T10:40:35.280Z] [302/750] NO-MATCH 6a814f6922387a9a4d6649e4 A Confession and other religious writtings
[2026-08-16T10:40:36.014Z] [303/750] NO-MATCH 6a814f6922387a9a4d6649e5 The Sailor who fell from grace with the sea ( vint
[2026-08-16T10:40:37.017Z] [304/750] NO-MATCH 6a814f6922387a9a4d6649e6 The Temple of Dawn
[2026-08-16T10:40:37.700Z] [305/750] NO-MATCH 6a814f6922387a9a4d6649e7 The Housekeeper And the professor
[2026-08-16T10:40:38.478Z] [306/750] NO-MATCH 6a814f6922387a9a4d6649e8 Snow Country
[2026-08-16T10:40:39.106Z] [307/750] NO-MATCH 6a814f6922387a9a4d6649e9 Tess Of The Durbervilles ( penguin Classic )
[2026-08-16T10:40:42.315Z] [308/750] OK 6a814f6922387a9a4d6649ea The Mayor of Casterbridge <- OL "The Mayor of Casterbridge" by Thomas Hardy
[2026-08-16T10:40:44.774Z] [309/750] OK 6a814f6922387a9a4d6649eb Breakfast at Tiffanys <- OL "Breakfast at Tiffany's" by Truman Capote
[2026-08-16T10:40:45.845Z] [310/750] NO-MATCH 6a814f6922387a9a4d6649ec Winter
[2026-08-16T10:40:48.090Z] [311/750] OK 6a814f6922387a9a4d6649ed Discipline and punish <- OL "Discipline and Punish" by Michel Foucault,Simon Prebble
[2026-08-16T10:40:48.821Z] [312/750] NO-MATCH 6a814f6922387a9a4d6649ee Ethics essential work 1954-84
[2026-08-16T10:40:49.643Z] [313/750] NO-MATCH 6a814f6922387a9a4d6649ef The History of Sexuality 4 volume
[2026-08-16T10:40:50.438Z] [314/750] NO-MATCH 6a814f6922387a9a4d6649f0 Ghost
[2026-08-16T10:40:53.577Z] [315/750] OK 6a814f6922387a9a4d6649f1 Letters From Stoic ( penguin classic ) <- OL "Letters from a Stoic (A Penguin Classics Hardcover)" by Seneca the Younger
[2026-08-16T10:40:54.271Z] [316/750] NO-MATCH 6a814f6922387a9a4d6649f2 De Profundis and other prison writinga
[2026-08-16T10:40:55.055Z] [317/750] NO-MATCH 6a814f6922387a9a4d6649f3 The Importance of being Earnest and other stories
[2026-08-16T10:40:55.886Z] [318/750] NO-MATCH 6a814f6922387a9a4d6649f4 Complete short fiction
[2026-08-16T10:40:56.875Z] [319/750] NO-MATCH 6a814f6922387a9a4d6649f5 Atonement ( vintage classic )
[2026-08-16T10:40:57.533Z] [320/750] NO-MATCH 6a814f6922387a9a4d6649f6 Amsterdam (Vintage)
[2026-08-16T10:40:58.226Z] [321/750] NO-MATCH 6a814f6922387a9a4d6649f7 Meditation (Penguin Classic)
[2026-08-16T10:40:59.226Z] [322/750] NO-MATCH 6a814f6922387a9a4d6649f8 The Diary of A Young Girl  ( penguin classic )
[2026-08-16T10:41:00.105Z] [323/750] NO-MATCH 6a814f6922387a9a4d6649f9 Alice's Adventures in Wonderland and Through the L
[2026-08-16T10:41:01.136Z] [324/750] NO-MATCH 6a814f6922387a9a4d6649fa The white Guard
[2026-08-16T10:41:02.309Z] [325/750] NO-MATCH 6a814f6922387a9a4d6649fb Diaries and selected letters ( alma classic uki ed
[2026-08-16T10:41:06.827Z] [326/750] OK 6a814f6922387a9a4d6649fc Paradise Lost <- OL "Paradise Lost" by John Milton
[2026-08-16T10:41:08.019Z] [327/750] NO-MATCH 6a814f6922387a9a4d6649fd Frankenstein the 1818 text( penguin classic )
[2026-08-16T10:41:11.865Z] [328/750] OK 6a814f6922387a9a4d6649fe The Age of Reason <- OL "The age of reason" by Jean-Paul Sartre
[2026-08-16T10:41:12.649Z] [329/750] NO-MATCH 6a814f6922387a9a4d6649ff The Greatest works of Khalil Gibran
[2026-08-16T10:41:14.904Z] [330/750] OK 6a814f6922387a9a4d664a00 The Fall Of The Ottomans <- OL "The fall of the Ottomans" by Eugene L. Rogan
[2026-08-16T10:41:17.713Z] [331/750] OK 6a814f6922387a9a4d664a01 letter to a young Poet <- OL "Letters to a young poet" by Rainer Maria Rilke
[2026-08-16T10:41:18.675Z] [332/750] NO-MATCH 6a814f6922387a9a4d664a02 The Prince ( penguin classic )
[2026-08-16T10:41:19.526Z] [333/750] NO-MATCH 6a814f6922387a9a4d664a03 Treasure island ( penguin classic  )
[2026-08-16T10:41:20.347Z] [334/750] NO-MATCH 6a814f6922387a9a4d664a04 The complete sherlock Holmes ( 7 book ) box set
[2026-08-16T10:41:21.560Z] [335/750] NO-MATCH 6a814f6922387a9a4d664a05 The little prince ( illustrated Hard cover )
[2026-08-16T10:41:22.321Z] [336/750] NO-MATCH 6a814f6922387a9a4d664a06 The letters of vincent van gogh
[2026-08-16T10:41:22.959Z] [337/750] NO-MATCH 6a814f6922387a9a4d664a07 poems (1962-2020 )
[2026-08-16T10:41:23.612Z] [338/750] NO-MATCH 6a814f6922387a9a4d664a08 Politics ( finger print )
[2026-08-16T10:41:26.805Z] [339/750] OK 6a814f6922387a9a4d664a09 The Analects <- OL "The Analects" by Confucius
[2026-08-16T10:41:30.764Z] [340/750] OK 6a814f6922387a9a4d664a0a The three theban plays <- OL "The Three Theban Plays" by Sophocles,Robert Fagles
[2026-08-16T10:41:31.490Z] [341/750] NO-MATCH 6a814f6922387a9a4d664a0b The egyptian book of dead ( penguin classic )
[2026-08-16T10:41:33.647Z] [342/750] OK 6a814f6922387a9a4d664a0c Arrow of god <- OL "Arrow of God" by Chinua Achebe
[2026-08-16T10:41:36.636Z] [343/750] OK 6a814f6922387a9a4d664a0d Averno <- OL "Averno" by Louise Glück
[2026-08-16T10:41:37.374Z] [344/750] NO-MATCH 6a814f6922387a9a4d664a0e Ulysses ( penguin classic )
[2026-08-16T10:41:41.915Z] [345/750] OK 6a814f6922387a9a4d664a0f Dubliners <- OL "Dubliners" by James Joyce
[2026-08-16T10:41:45.244Z] [346/750] OK 6a814f6922387a9a4d664a10 Finnegans Wake <- OL "Finnegans Wake" by James Joyce
[2026-08-16T10:41:46.074Z] [347/750] NO-MATCH 6a814f6922387a9a4d664a11 Metaphysical Poetry
[2026-08-16T10:41:49.881Z] [348/750] OK 6a814f6922387a9a4d664a12 Augustus <- OL "Augustus" by John Williams
[2026-08-16T10:41:53.886Z] [349/750] OK 6a814f6922387a9a4d664a13 On the road <- OL "On The Road" by Jack Kerouac
[2026-08-16T10:41:56.306Z] [350/750] OK 6a814f6922387a9a4d664a14 Big Sur <- OL "Big Sur" by Jack Kerouac,Tom Parker
[2026-08-16T10:41:56.660Z] --- progress: 350/750 processed, 161 matched, 189 no-match, 0 failed ---
[2026-08-16T10:41:57.247Z] [351/750] NO-MATCH 6a814f6922387a9a4d664a15 Selected poems ( penguin classic )
[2026-08-16T10:41:58.146Z] [352/750] NO-MATCH 6a814f6922387a9a4d664a16 The poems of lal ded
[2026-08-16T10:42:01.515Z] [353/750] OK 6a814f6922387a9a4d664a17 Romeo and Juliet <- OL "Romeo and Juliet" by William Shakespeare
[2026-08-16T10:42:02.502Z] [354/750] NO-MATCH 6a814f6922387a9a4d664a18 The Rubaiyat of omar khayyam
[2026-08-16T10:42:06.188Z] [355/750] OK 6a814f6922387a9a4d664a19 Passing <- OL "Passing" by Nella Larsen,Matthew Hodgson,Tamar Mishmar
[2026-08-16T10:42:08.999Z] [356/750] OK 6a814f6922387a9a4d664a1a What is history ? <- OL "What is history?" by Edward Hallet Carr
[2026-08-16T10:42:09.762Z] [357/750] NO-MATCH 6a814f6922387a9a4d664a1b The centerbury Tales
[2026-08-16T10:42:10.737Z] [358/750] NO-MATCH 6a814f6922387a9a4d664a1c The complete dead sea scrolls in english
[2026-08-16T10:42:14.242Z] [359/750] OK 6a814f6922387a9a4d664a1d The Travels <- OL "The Travels of Marco Polo" by Marco Polo
[2026-08-16T10:42:14.968Z] [360/750] NO-MATCH 6a814f6922387a9a4d664a1e Things fall a part
[2026-08-16T10:42:17.855Z] [361/750] OK 6a814f6922387a9a4d664a1f Death comes for the Archbishop <- OL "Death Comes for the Archbishop" by Willa Cather
[2026-08-16T10:42:20.351Z] [362/750] OK 6a814f6922387a9a4d664a20 A Confederacy of Dunces <- OL "A Confederacy of Dunces" by John Kennedy Toole
[2026-08-16T10:42:23.471Z] [363/750] OK 6a814f6922387a9a4d664a21 Anti-Oedipus <- OL "Deleuze and Guattari's Anti Oedipus" by Eugene Holland,Gilles Deleuze
[2026-08-16T10:42:26.322Z] [364/750] OK 6a814f6922387a9a4d664a22 The Pilgrims Progress <- OL "The Pilgrim's Progress" by John Bunyan
[2026-08-16T10:42:28.940Z] [365/750] OK 6a814f6922387a9a4d664a23 Count magnus and other ghost stories <- OL "Count Magnus and other ghost stories" by Montague Rhodes James
[2026-08-16T10:42:29.801Z] [366/750] NO-MATCH 6a814f6922387a9a4d664a24 The penguin book of first world war stories
[2026-08-16T10:42:30.625Z] [367/750] NO-MATCH 6a814f6922387a9a4d664a25 The penguin book of Modern african Poetry
[2026-08-16T10:42:31.483Z] [368/750] NO-MATCH 6a814f6922387a9a4d664a26 The penguin book of the Undead
[2026-08-16T10:42:32.223Z] [369/750] NO-MATCH 6a814f6922387a9a4d664a27 The penguin book of Exorcisms
[2026-08-16T10:42:33.605Z] [370/750] NO-MATCH 6a814f6922387a9a4d664a28 The Penguin book of English song
[2026-08-16T10:42:34.499Z] [371/750] NO-MATCH 6a814f6922387a9a4d664a29 The Penguin Book of Japaness short stories
[2026-08-16T10:42:35.108Z] [372/750] NO-MATCH 6a814f6922387a9a4d664a2a The penguin book of French Poerty 1820-1950
[2026-08-16T10:42:35.901Z] [373/750] NO-MATCH 6a814f6922387a9a4d664a2b The penguin book of the prose poem
[2026-08-16T10:42:36.614Z] [374/750] NO-MATCH 6a814f6922387a9a4d664a2c The penguin book of muder mysteries
[2026-08-16T10:42:37.347Z] [375/750] NO-MATCH 6a814f6922387a9a4d664a2d The penguin book of italian short stories
[2026-08-16T10:42:38.798Z] [376/750] NO-MATCH 6a814f6922387a9a4d664a2e The penguin book of Korean short stories
[2026-08-16T10:42:39.464Z] [377/750] NO-MATCH 6a814f6922387a9a4d664a2f The penguin book of spanish short stories
[2026-08-16T10:42:40.301Z] [378/750] NO-MATCH 6a814f6922387a9a4d664a30 The penguin book of english verse
[2026-08-16T10:42:41.021Z] [379/750] NO-MATCH 6a814f6922387a9a4d664a31 The penguin book of russian poetry
[2026-08-16T10:42:41.873Z] [380/750] NO-MATCH 6a814f6922387a9a4d664a32 The penguin book of witches
[2026-08-16T10:42:42.602Z] [381/750] NO-MATCH 6a814f6922387a9a4d664a33 The penguin book of Ghost stories
[2026-08-16T10:42:43.231Z] [382/750] NO-MATCH 6a814f6922387a9a4d664a34 The penguin book of Feminist Writing
[2026-08-16T10:42:44.265Z] [383/750] NO-MATCH 6a814f6922387a9a4d664a35 The penguin book of american short stories from wa
[2026-08-16T10:42:44.983Z] [384/750] NO-MATCH 6a814f6922387a9a4d664a36 The penguin book of the british short story
[2026-08-16T10:42:45.675Z] [385/750] NO-MATCH 6a814f6922387a9a4d664a37 The Penguin book of Greek and latin lyric verse
[2026-08-16T10:42:49.532Z] [386/750] OK 6a814f6922387a9a4d664a38 Lysistrata and other plays <- OL "Lysistrata and Other Plays" by Aristophanes
[2026-08-16T10:42:50.268Z] [387/750] NO-MATCH 6a814f6922387a9a4d664a39 capital volume 1,2,3
[2026-08-16T10:42:52.941Z] [388/750] OK 6a814f6922387a9a4d664a3a The Communist Manifesto <- OL "Capital, the Communist manifesto and other writings" by Karl Marx
[2026-08-16T10:42:53.645Z] [389/750] NO-MATCH 6a814f6922387a9a4d664a3b Monkey
[2026-08-16T10:42:54.309Z] [390/750] NO-MATCH 6a814f6922387a9a4d664a3c Penguin book of hell
[2026-08-16T10:42:55.014Z] [391/750] NO-MATCH 6a814f6922387a9a4d664a3d The Amis Collection Selected Non-Fiction
[2026-08-16T10:42:55.977Z] [392/750] NO-MATCH 6a814f6922387a9a4d664a3e The Confessions
[2026-08-16T10:42:56.730Z] [393/750] NO-MATCH 6a814f6922387a9a4d664a3f One Days in the life of ivan Denisovich ( Vintage 
[2026-08-16T10:43:00.805Z] [394/750] OK 6a814f6922387a9a4d664a40 The Legend of sleepy Hollow and other st <- OL "Washington Irving's The legend of Sleepy Hollow and other stories" by Washington Irving
[2026-08-16T10:43:01.879Z] [395/750] NO-MATCH 6a814f6922387a9a4d664a41 Auschwitz A doctors Eyewitness Account
[2026-08-16T10:43:05.159Z] [396/750] OK 6a814f6922387a9a4d664a42 The Crucible <- OL "The Crucible" by Arthur Miller
[2026-08-16T10:43:08.382Z] [397/750] OK 6a814f6922387a9a4d664a43 history of the Decline and fall of the r <- OL "History of the Decline and Fall of the Roman Empire Complete and Unabridged" by Edward Gibbon
[2026-08-16T10:43:10.674Z] [398/750] OK 6a814f6922387a9a4d664a44 Conversation Of Socrates <- OL "Conversations of Socrates" by Xenophon
[2026-08-16T10:43:13.703Z] [399/750] OK 6a814f6922387a9a4d664a45 A Streetcar named Desire <- OL "A Streetcar Named Desire" by Tennessee Williams
[2026-08-16T10:43:15.535Z] [400/750] OK 6a814f6922387a9a4d664a46 The Black Cloud <- OL "The Black Cloud" by Fred Hoyle
[2026-08-16T10:43:15.890Z] --- progress: 400/750 processed, 178 matched, 222 no-match, 0 failed ---
[2026-08-16T10:43:16.455Z] [401/750] NO-MATCH 6a814f6922387a9a4d664a47 Tales from the thousand and one nights
[2026-08-16T10:43:17.452Z] [402/750] NO-MATCH 6a814f6922387a9a4d664a48 The Arabian nights
[2026-08-16T10:43:18.529Z] [403/750] NO-MATCH 6a814f6922387a9a4d664a49 Chronicles
[2026-08-16T10:43:19.167Z] [404/750] NO-MATCH 6a814f6922387a9a4d664a4a Vintage classic Collection box set
[2026-08-16T10:43:19.827Z] [405/750] NO-MATCH 6a814f6922387a9a4d664a4b Dead poets society
[2026-08-16T10:43:20.431Z] [406/750] NO-MATCH 6a814f6922387a9a4d664a4c Minor Detail
[2026-08-16T10:43:23.971Z] [407/750] OK 6a814f6922387a9a4d664a4d Zami <- OL "Zami" by Audre Lorde
[2026-08-16T10:43:26.350Z] [408/750] OK 6a814f6922387a9a4d664a4e No Name <- OL "No name" by Wilkie Collins
[2026-08-16T10:43:28.637Z] [409/750] OK 6a814f6922387a9a4d664a4f The big sleep and other novels <- OL "The Big Sleep and Other Novels" by Raymond Chandler
[2026-08-16T10:43:29.643Z] [410/750] NO-MATCH 6a814f6922387a9a4d664a50 A Lovers Discourse
[2026-08-16T10:43:30.791Z] [411/750] NO-MATCH 6a814f6922387a9a4d664a51 A Shining
[2026-08-16T10:43:31.821Z] [412/750] NO-MATCH 6a814f6922387a9a4d664a52 Flights
[2026-08-16T10:43:35.237Z] [413/750] OK 6a814f6922387a9a4d664a53 No Longer at ease <- OL "The African Trilogy (Things Fall Apart / No Longer at Ease / Arrow of God)" by Chinua Achebe
[2026-08-16T10:43:37.967Z] [414/750] OK 6a814f6922387a9a4d664a54 First love and other Novellas <- OL "First love and other novellas" by Samuel Beckett
[2026-08-16T10:43:41.225Z] [415/750] OK 6a814f6922387a9a4d664a55 Pygmalion <- OL "Pygmalion" by George Bernard Shaw
[2026-08-16T10:43:43.815Z] [416/750] OK 6a814f6922387a9a4d664a56 The white people and other weird stories <- OL "The White People and Other Weird Stories (Penguin Modern Classics)" by Arthur Machen
[2026-08-16T10:43:44.769Z] [417/750] NO-MATCH 6a814f6922387a9a4d664a57 The tibetan book of the dead
[2026-08-16T10:43:45.522Z] [418/750] NO-MATCH 6a814f6922387a9a4d664a58 The new penguin book of english folk songs
[2026-08-16T10:43:46.181Z] [419/750] NO-MATCH 6a814f6922387a9a4d664a59 The penguin Freud Reader
[2026-08-16T10:43:48.184Z] [420/750] OK 6a814f6922387a9a4d664a5a Brighton Rock <- OL "Brighton rock" by Graham Greene,Richard Brown
[2026-08-16T10:43:48.968Z] [421/750] NO-MATCH 6a814f6922387a9a4d664a5b Three Gothic Novels
[2026-08-16T10:43:49.707Z] [422/750] NO-MATCH 6a814f6922387a9a4d664a5c Catch-22 ( Vintage classic )
[2026-08-16T10:43:50.460Z] [423/750] NO-MATCH 6a814f6922387a9a4d664a5d Chronicles of the Chusades
[2026-08-16T10:43:53.286Z] [424/750] OK 6a814f6922387a9a4d664a5e The human Stain <- OL "The Human Stain" by Philip Roth
[2026-08-16T10:43:55.774Z] [425/750] OK 6a814f6922387a9a4d664a5f Gullivers Travels <- OL "Gulliver's Travels" by Jonathan Swift
[2026-08-16T10:43:56.127Z] --- progress: 425/750 processed, 188 matched, 237 no-match, 0 failed ---
[2026-08-16T10:43:56.625Z] [426/750] NO-MATCH 6a814f6922387a9a4d664a60 Writting from ancient Egypt
[2026-08-16T10:43:57.315Z] [427/750] NO-MATCH 6a814f6922387a9a4d664a61 Collected poems ( vintage classic )
[2026-08-16T10:43:58.052Z] [428/750] NO-MATCH 6a814f6922387a9a4d664a62 The French Lieutenants woman ( Vintage classic  )
[2026-08-16T10:43:58.909Z] [429/750] NO-MATCH 6a814f6922387a9a4d664a63 The Charterhouse of Parma
[2026-08-16T10:44:02.205Z] [430/750] OK 6a814f6922387a9a4d664a64 Autobiographies <- OL "My autobiography" by Charlie Chaplin
[2026-08-16T10:44:03.111Z] [431/750] NO-MATCH 6a814f6922387a9a4d664a65 The collected stories
[2026-08-16T10:44:03.784Z] [432/750] NO-MATCH 6a814f6922387a9a4d664a66 Introductory lecturec on aesthetics
[2026-08-16T10:44:06.560Z] [433/750] NO-MATCH 6a814f6922387a9a4d664a67 Selected poems
[2026-08-16T10:44:07.811Z] [434/750] NO-MATCH 6a814f6922387a9a4d664a68 The book of magic
[2026-08-16T10:44:11.352Z] [435/750] OK 6a814f6922387a9a4d664a69 Dr Jekyll & mr hyde <- OL "The Strange Case of Dr. Jekyll and Mr. Hyde" by Robert Louis Stevenson
[2026-08-16T10:44:14.319Z] [436/750] OK 6a814f6922387a9a4d664a6a Zenos Conscience <- OL "Zenos Conscience" by Italo Svevo,Sean Barrett
[2026-08-16T10:44:15.244Z] [437/750] NO-MATCH 6a814f6922387a9a4d664a6b A History of Judaism
[2026-08-16T10:44:16.016Z] [438/750] NO-MATCH 6a814f6922387a9a4d664a6c Selected poems
[2026-08-16T10:44:16.875Z] [439/750] NO-MATCH 6a814f6922387a9a4d664a6d Uncels Toms Cabin
[2026-08-16T10:44:18.008Z] [440/750] NO-MATCH 6a814f6922387a9a4d664a6e The rape of the lock and other major writting
[2026-08-16T10:44:18.737Z] [441/750] NO-MATCH 6a814f6922387a9a4d664a6f islamic mystical poetry sufi verse from the early 
[2026-08-16T10:44:19.410Z] [442/750] NO-MATCH 6a814f6922387a9a4d664a70 The wealth of nations books ( volume 1-3 )
[2026-08-16T10:44:22.543Z] [443/750] OK 6a814f6922387a9a4d664a71 A History of the Middle  east <- OL "A History of the Middle East" by Peter Mansfield
[2026-08-16T10:44:26.147Z] [444/750] OK 6a814f6922387a9a4d664a72 A Vindication of the rights of woman <- OL "Posthumous works of the author of A vindication of the rights of woman" by Mary Wollstonecraft
[2026-08-16T10:44:28.852Z] [445/750] OK 6a814f6922387a9a4d664a73 Bel Ami <- OL "Bel-Ami" by Guy de Maupassant
[2026-08-16T10:44:29.557Z] [446/750] NO-MATCH 6a814f6922387a9a4d664a74 Artificial Intelligece A Guide for thinking humans
[2026-08-16T10:44:33.334Z] [447/750] OK 6a814f6922387a9a4d664a75 around the world in eighty days <- OL "Around the World in Eighty Days" by Jules Verne,George Makepeace Towle
[2026-08-16T10:44:35.662Z] [448/750] OK 6a814f6922387a9a4d664a76 A Modern  Utopia <- OL "A Modern Utopia" by H. G. Wells
[2026-08-16T10:44:36.486Z] [449/750] NO-MATCH 6a814f6922387a9a4d664a77 I, Claudiius
[2026-08-16T10:44:37.148Z] [450/750] NO-MATCH 6a814f6922387a9a4d664a78 Robinson Crusoe (Vintage)
[2026-08-16T10:44:39.382Z] [451/750] OK 6a814f6922387a9a4d664a79 Under Western Eyes <- OL "Under Western Eyes" by Joseph Conrad
[2026-08-16T10:44:40.152Z] [452/750] NO-MATCH 6a814f6922387a9a4d664a7a The Gulag Archipelago (Vintage)
[2026-08-16T10:44:41.005Z] [453/750] NO-MATCH 6a814f6922387a9a4d664a7b Birth Stories of the bodhistatta
[2026-08-16T10:44:41.749Z] [454/750] NO-MATCH 6a814f6922387a9a4d664a7c A Very Easy Death
[2026-08-16T10:44:43.892Z] [455/750] OK 6a814f6922387a9a4d664a7d The Decameron <- OL "The Decameron" by Giovanni Boccaccio,Thomas Wright
[2026-08-16T10:44:45.416Z] [456/750] OK 6a814f6922387a9a4d664a7e A Sorrow beyond Dreams <- OL "a sorrow beyond dreams" by Peter Handke
[2026-08-16T10:44:46.187Z] [457/750] NO-MATCH 6a814f6922387a9a4d664a7f Diary of a Mad old man
[2026-08-16T10:44:46.952Z] [458/750] NO-MATCH 6a814f6922387a9a4d664a80 Early Greek Philosophy
[2026-08-16T10:44:51.233Z] [459/750] OK 6a814f6922387a9a4d664a81 Confessions of an english opium-eater an <- OL "Confessions of an English opium-eater and other writings" by Thomas De Quincey
[2026-08-16T10:44:52.020Z] [460/750] NO-MATCH 6a814f6922387a9a4d664a82 Enemies and Neighbours Arabs and Jews in Palestine
[2026-08-16T10:44:54.583Z] [461/750] OK 6a814f6922387a9a4d664a83 Burning your boats <- OL "Burning Your Boats" by Angela Carter
[2026-08-16T10:44:55.517Z] [462/750] NO-MATCH 6a814f6922387a9a4d664a84 Detective Story
[2026-08-16T10:44:56.181Z] [463/750] NO-MATCH 6a814f6922387a9a4d664a85 The Saga of king Hrolf Kraki
[2026-08-16T10:44:57.714Z] [464/750] OK 6a814f6922387a9a4d664a86 Elective Affinities <- OL "Elective affinities" by Johann Wolfgang von Goethe
[2026-08-16T10:44:58.460Z] [465/750] NO-MATCH 6a814f6922387a9a4d664a87 The Leopard ( Vintage classic )
[2026-08-16T10:45:01.253Z] [466/750] OK 6a814f6922387a9a4d664a88 Selected poems and Fragments <- OL "Selected poems and fragments" by Friedrich Hölderlin
[2026-08-16T10:45:03.900Z] [467/750] OK 6a814f6922387a9a4d664a89 Alone in Berlin <- OL "Alone in Berlin" by Hans Fallada,Michael Hofmann
[2026-08-16T10:45:06.591Z] [468/750] OK 6a814f6922387a9a4d664a8a Selected poems <- OL "Selected poems" by Lord Byron
[2026-08-16T10:45:07.451Z] [469/750] NO-MATCH 6a814f6922387a9a4d664a8b The Duchess of malfi, the white devil, the broken 
[2026-08-16T10:45:09.622Z] [470/750] OK 6a814f6922387a9a4d664a8c The Rachel Papers <- OL "The Rachel Papers" by Martin Amis
[2026-08-16T10:45:12.238Z] [471/750] OK 6a814f6922387a9a4d664a8d Doctor Zhivago <- OL "Doctor Zhivago [adaptation]" by Nancy Stanley,Boris Leonidovich Pasternak
[2026-08-16T10:45:14.281Z] [472/750] OK 6a814f6922387a9a4d664a8e Ragtime <- OL "Ragtime" by E. L. Doctorow
[2026-08-16T10:45:15.437Z] [473/750] NO-MATCH 6a814f6922387a9a4d664a8f One Day in the life of Ivan Denisovich
[2026-08-16T10:45:18.331Z] [474/750] OK 6a814f6922387a9a4d664a90 Cause for Alarm <- OL "Cause for alarm" by Eric Ambler
[2026-08-16T10:45:21.099Z] [475/750] OK 6a814f6922387a9a4d664a91 The Thin Man <- OL "The Thin Man" by Dashiell Hammett
[2026-08-16T10:45:21.451Z] --- progress: 475/750 processed, 210 matched, 265 no-match, 0 failed ---
[2026-08-16T10:45:21.797Z] [476/750] NO-MATCH 6a814f6922387a9a4d664a92 The Mask of Dimitrios
[2026-08-16T10:45:22.463Z] [477/750] NO-MATCH 6a814f6922387a9a4d664a93 All my cats
[2026-08-16T10:45:24.116Z] [478/750] NO-MATCH 6a814f6922387a9a4d664a94 The Demon
[2026-08-16T10:45:24.738Z] [479/750] NO-MATCH 6a814f6922387a9a4d664a95 August 1914
[2026-08-16T10:45:28.818Z] [480/750] OK 6a814f6922387a9a4d664a96 Oranges are not the only fruit <- OL "Oranges Are Not the Only Fruit" by Jeanette Winterson
[2026-08-16T10:45:29.685Z] [481/750] NO-MATCH 6a814f6922387a9a4d664a97 The trouble with being born
[2026-08-16T10:45:30.488Z] [482/750] NO-MATCH 6a814f6922387a9a4d664a98 Selected poems and porse
[2026-08-16T10:45:31.318Z] [483/750] NO-MATCH 6a814f6922387a9a4d664a99 Russian short stories from pushkin to Buida
[2026-08-16T10:45:32.150Z] [484/750] NO-MATCH 6a814f6922387a9a4d664a9a The musk of dimitrios
[2026-08-16T10:45:32.815Z] [485/750] NO-MATCH 6a814f6922387a9a4d664a9b Selected poems 1968-96
[2026-08-16T10:45:35.782Z] [486/750] OK 6a814f6922387a9a4d664a9c Reading lolita in tehran <- OL "Reading Lolita in Tehran" by Azar Nafisi
[2026-08-16T10:45:36.455Z] [487/750] NO-MATCH 6a814f6922387a9a4d664a9d Theogony and works and days + Elegies
[2026-08-16T10:45:38.152Z] [488/750] OK 6a814f6922387a9a4d664a9e Mexico set <- OL "Mexico set" by Len Deighton
[2026-08-16T10:45:39.150Z] [489/750] NO-MATCH 6a814f6922387a9a4d664a9f A Maigret christmas
[2026-08-16T10:45:39.822Z] [490/750] NO-MATCH 6a814f6922387a9a4d664aa0 Early Christian writting
[2026-08-16T10:45:42.538Z] [491/750] OK 6a814f6922387a9a4d664aa1 The bloody Chamber <- OL "The bloody chamber and other stories" by Angela Carter
[2026-08-16T10:45:44.988Z] [492/750] OK 6a814f6922387a9a4d664aa2 The Complete father brown stories <- OL "The Complete Father Brown Stories" by Gilbert Keith Chesterton
[2026-08-16T10:45:45.798Z] [493/750] NO-MATCH 6a814f6922387a9a4d664aa3 The book of chuang tzu
[2026-08-16T10:45:46.476Z] [494/750] NO-MATCH 6a814f6922387a9a4d664aa4 The Apprentice tourist
[2026-08-16T10:45:47.108Z] [495/750] NO-MATCH 6a814f6922387a9a4d664aa5 Kokoro
[2026-08-16T10:45:50.592Z] [496/750] OK 6a814f6922387a9a4d664aa6 The Tale of Genji <- OL "The Tale of Genji" by Murasaki Shikibu
[2026-08-16T10:45:51.478Z] [497/750] NO-MATCH 6a814f6922387a9a4d664aa7 Tomorrow in the battle think on me
[2026-08-16T10:45:52.353Z] [498/750] NO-MATCH 6a814f6922387a9a4d664aa8 The Saga of the Volsungs
[2026-08-16T10:45:53.011Z] [499/750] NO-MATCH 6a814f6922387a9a4d664aa9 The Vinland sagas
[2026-08-16T10:45:54.720Z] [500/750] NO-MATCH 6a814f6922387a9a4d664aaa 20000 leagues under the sea ( chartwell Classics H
[2026-08-16T10:45:57.403Z] [501/750] OK 6a814f6922387a9a4d664aab 2666 <- OL "2666" by Roberto Bolaño
[2026-08-16T10:46:03.093Z] [502/750] NO-MATCH 6a814f6922387a9a4d664aac The Diaries of Franz Kafka
[2026-08-16T10:46:03.934Z] [503/750] NO-MATCH 6a814f6922387a9a4d664aad Suleiman Charitra
[2026-08-16T10:46:04.763Z] [504/750] NO-MATCH 6a814f6922387a9a4d664aae Don Juan his own Version
[2026-08-16T10:46:05.509Z] [505/750] NO-MATCH 6a814f6922387a9a4d664aaf penguin great idea collection (12 book )
[2026-08-16T10:46:06.728Z] [506/750] NO-MATCH 6a814f6922387a9a4d664ab0 A Confession
[2026-08-16T10:46:07.588Z] [507/750] NO-MATCH 6a814f6922387a9a4d664ab1 The Desert Fathers
[2026-08-16T10:46:10.716Z] [508/750] OK 6a814f6922387a9a4d664ab2 Kural <- OL "The Kural" by Thiruvalluvar
[2026-08-16T10:46:13.979Z] [509/750] OK 6a814f6922387a9a4d664ab3 Unto this last and other writings <- OL "Unto this last, and other writings" by John Ruskin
[2026-08-16T10:46:14.887Z] [510/750] NO-MATCH 6a814f6922387a9a4d664ab4 Classical literary criticism
[2026-08-16T10:46:18.357Z] [511/750] OK 6a814f6922387a9a4d664ab5 The imitation of christ <- OL "The Imitation of Christ" by Thomas A'Kempis
[2026-08-16T10:46:19.343Z] [512/750] NO-MATCH 6a814f6922387a9a4d664ab6 The street
[2026-08-16T10:46:21.854Z] [513/750] OK 6a814f6922387a9a4d664ab7 The Razors Edge <- OL "The Razor's Edge" by William Somerset Maugham
[2026-08-16T10:46:22.627Z] [514/750] NO-MATCH 6a814f6922387a9a4d664ab8 Adventures of Huckleberry finn ( oneworld classics
[2026-08-16T10:46:25.134Z] [515/750] OK 6a814f6922387a9a4d664ab9 The Jungle book <- OL "The Jungle Book" by Rudyard Kipling
[2026-08-16T10:46:26.025Z] [516/750] NO-MATCH 6a814f6922387a9a4d664aba Green Hills of Africa ( Vintage )
[2026-08-16T10:46:26.845Z] [517/750] NO-MATCH 6a814f6922387a9a4d664abb Tender Is the Night ( Alma classic uk eition )
[2026-08-16T10:46:27.806Z] [518/750] NO-MATCH 6a814f6922387a9a4d664abc Child of all nations
[2026-08-16T10:46:30.852Z] [519/750] OK 6a814f6922387a9a4d664abd Scenes from a childhood <- OL "Scenes from a Childhood" by Jon Fosse,Damion Searls
[2026-08-16T10:46:31.868Z] [520/750] NO-MATCH 6a814f6922387a9a4d664abe Remembrance of things past ( 3 book )
[2026-08-16T10:46:32.594Z] [521/750] NO-MATCH 6a814f6922387a9a4d664abf In search of lost series 6 book
[2026-08-16T10:46:33.245Z] [522/750] NO-MATCH 6a814f6922387a9a4d664ac0 Inspector imanishi investigates
[2026-08-16T10:46:33.969Z] [523/750] NO-MATCH 6a814f6922387a9a4d664ac1 A Quiet place
[2026-08-16T10:46:34.708Z] [524/750] NO-MATCH 6a814f6922387a9a4d664ac2 Maigret and the ghost
[2026-08-16T10:46:35.309Z] [525/750] NO-MATCH 6a814f6922387a9a4d664ac3 By Night in chile
[2026-08-16T10:46:35.943Z] [526/750] NO-MATCH 6a814f6922387a9a4d664ac4 Italian Journey
[2026-08-16T10:46:36.796Z] [527/750] NO-MATCH 6a814f6922387a9a4d664ac5 The Tales of Ise
[2026-08-16T10:46:37.679Z] [528/750] NO-MATCH 6a814f6922387a9a4d664ac6 Less than one Selected essays
[2026-08-16T10:46:38.326Z] [529/750] NO-MATCH 6a814f6922387a9a4d664ac7 Ancient sorceries and other weird stories
[2026-08-16T10:46:39.287Z] [530/750] NO-MATCH 6a814f6922387a9a4d664ac8 The diary of lady Murasaki
[2026-08-16T10:46:40.068Z] [531/750] NO-MATCH 6a814f6922387a9a4d664ac9 The secret history of the mongols
[2026-08-16T10:46:43.308Z] [532/750] OK 6a814f6922387a9a4d664aca Seven gothic tales <- OL "Seven Gothic tales" by Isak Dinesen
[2026-08-16T10:46:44.262Z] [533/750] NO-MATCH 6a814f6922387a9a4d664acb The Snow Ghost
[2026-08-16T10:46:44.887Z] [534/750] NO-MATCH 6a814f6922387a9a4d664acc The Apocryphal gospels
[2026-08-16T10:46:46.135Z] [535/750] NO-MATCH 6a814f6922387a9a4d664acd Personal Writings
[2026-08-16T10:46:46.842Z] [536/750] NO-MATCH 6a814f6922387a9a4d664ace The Unwomanly Face of war
[2026-08-16T10:46:47.801Z] [537/750] NO-MATCH 6a814f6922387a9a4d664acf the social conttract
[2026-08-16T10:46:48.523Z] [538/750] NO-MATCH 6a814f6922387a9a4d664ad0 The Essential Writings
[2026-08-16T10:46:49.489Z] [539/750] NO-MATCH 6a814f6922387a9a4d664ad1 Comic Sagas and tales from iceland
[2026-08-16T10:46:50.362Z] [540/750] NO-MATCH 6a814f6922387a9a4d664ad2 Scottish folk and fairy tales from burns to buchan
[2026-08-16T10:46:51.300Z] [541/750] NO-MATCH 6a814f6922387a9a4d664ad3 The complete poems
[2026-08-16T10:46:52.242Z] [542/750] NO-MATCH 6a814f6922387a9a4d664ad4 Selected poems and prose
[2026-08-16T10:46:53.506Z] [543/750] NO-MATCH 6a814f6922387a9a4d664ad5 Russian magic tales from pushkin to Platonov
[2026-08-16T10:46:54.168Z] [544/750] NO-MATCH 6a814f6922387a9a4d664ad6 Night train to the stars
[2026-08-16T10:46:54.976Z] [545/750] NO-MATCH 6a814f6922387a9a4d664ad7 Egils Saga
[2026-08-16T10:46:55.671Z] [546/750] NO-MATCH 6a814f6922387a9a4d664ad8 The Homeric Hymns
[2026-08-16T10:46:56.298Z] [547/750] NO-MATCH 6a814f6922387a9a4d664ad9 Pietr the Latvian
[2026-08-16T10:46:59.864Z] [548/750] OK 6a814f6922387a9a4d664ada Tiepolo Pink <- OL "Tiepolo Pink" by Roberto Calasso
[2026-08-16T10:47:03.031Z] [549/750] OK 6a814f6922387a9a4d664adb North And South <- OL "North and South" by Elizabeth Cleghorn Gaskell
[2026-08-16T10:47:05.450Z] [550/750] OK 6a814f6922387a9a4d664adc Selected Works <- OL "Selected works" by Cicero
[2026-08-16T10:47:05.803Z] --- progress: 550/750 processed, 227 matched, 323 no-match, 0 failed ---
[2026-08-16T10:47:06.998Z] [551/750] NO-MATCH 6a814f6922387a9a4d664add The Collected poems
[2026-08-16T10:47:07.801Z] [552/750] NO-MATCH 6a814f6922387a9a4d664ade Wht are we Artists ? 100 world art Manifestos
[2026-08-16T10:47:11.252Z] [553/750] OK 6a814f6922387a9a4d664adf The way we live now <- OL "The way we live now" by Anthony Trollope
[2026-08-16T10:47:13.830Z] [554/750] OK 6a814f6922387a9a4d664ae0 Culture and imperialism <- OL "Culture and imperialism" by Edward W. Said,E. Said
[2026-08-16T10:47:15.391Z] [555/750] OK 6a814f6922387a9a4d664ae1 why i am a stoic <- OL "Why I Am a Stoic" by Seneca
[2026-08-16T10:47:16.096Z] [556/750] NO-MATCH 6a814f6922387a9a4d664ae2 Under the jaguar sun
[2026-08-16T10:47:19.646Z] [557/750] OK 6a814f6922387a9a4d664ae3 Night flight <- OL "Southern Mail, Night Flight" by Antoine de Saint-Exupéry
[2026-08-16T10:47:21.986Z] [558/750] OK 6a814f6922387a9a4d664ae4 The dream of a Ridiculous man <- OL "Dostoyevsky. Notes From Underground / White Nights / The Dream of a Ridiculous Man / Selections from The House of the Dead" by Fyodor Dostoyevsky
[2026-08-16T10:47:23.159Z] [559/750] NO-MATCH 6a814f6922387a9a4d664ae5 The Demon Lover
[2026-08-16T10:47:23.849Z] [560/750] NO-MATCH 6a814f6922387a9a4d664ae6 The burnes Sinner and the Harmonious Angels
[2026-08-16T10:47:26.220Z] [561/750] OK 6a814f6922387a9a4d664ae7 The Fire next time <- OL "The fire next time" by James Baldwin
[2026-08-16T10:47:27.415Z] [562/750] NO-MATCH 6a814f6922387a9a4d664ae8 The seducers Diary
[2026-08-16T10:47:28.565Z] [563/750] NO-MATCH 6a814f6922387a9a4d664ae9 A Dogs Heart
[2026-08-16T10:47:32.094Z] [564/750] OK 6a814f6922387a9a4d664aea The Rover <- OL "The rover" by Aphra Behn
[2026-08-16T10:47:33.222Z] [565/750] NO-MATCH 6a814f6922387a9a4d664aeb Eirik the read and other icelandic sagas
[2026-08-16T10:47:36.057Z] [566/750] OK 6a814f6922387a9a4d664aec Strange case of Dr jekyll and mrs hyde <- OL "The Strange Case of Dr. Jekyll and Mr. Hyde" by Robert Louis Stevenson
[2026-08-16T10:47:36.859Z] [567/750] NO-MATCH 6a814f6922387a9a4d664aed The Invisible Man (Collins Classics)
[2026-08-16T10:47:39.415Z] [568/750] OK 6a814f6922387a9a4d664aee Pinocchio <- OL "Le avventure di Pinocchio" by Carlo Collodi
[2026-08-16T10:47:42.232Z] [569/750] OK 6a814f6922387a9a4d664aef The plays of Oscar wilde <- OL "The plays of Oscar Wilde" by Oscar Wilde
[2026-08-16T10:47:46.432Z] [570/750] OK 6a814f6922387a9a4d664af0 The return of sherlock Holmes <- OL "The Return of Sherlock Holmes" by Arthur Conan Doyle
[2026-08-16T10:47:49.161Z] [571/750] OK 6a814f6922387a9a4d664af1 The case book of Sherlock Holmes <- OL "The Case-Book of Sherlock Holmes" by Arthur Conan Doyle
[2026-08-16T10:47:51.581Z] [572/750] OK 6a814f6922387a9a4d664af2 The road to wigan pier <- OL "The Road to Wigan Pier" by George Orwell
[2026-08-16T10:47:53.441Z] [573/750] NO-MATCH 6a814f6922387a9a4d664af3 Collected Stories
[2026-08-16T10:47:55.990Z] [574/750] OK 6a814f6922387a9a4d664af4 Complete Poems <- OL "Complete Stories and Poems of Edgar Allan Poe" by Edgar Allan Poe
[2026-08-16T10:47:56.709Z] [575/750] NO-MATCH 6a814f6922387a9a4d664af5 Selected Stories bt Noble Prize Winners
[2026-08-16T10:47:57.358Z] [576/750] NO-MATCH 6a814f6922387a9a4d664af6 100 Selected Stories
[2026-08-16T10:48:03.048Z] [577/750] OK 6a814f6922387a9a4d664af7 100 selected Stories <- OL "100 selected stories" by O. Henry
[2026-08-16T10:48:04.533Z] [578/750] NO-MATCH 6a814f6922387a9a4d664af8 Selected Short Stories
[2026-08-16T10:48:09.411Z] [579/750] OK 6a814f6922387a9a4d664af9 Alice Adventure in wonderland <- OL "Alice's Adventures in Wonderland" by Lewis Carroll
[2026-08-16T10:48:11.505Z] [580/750] OK 6a814f6922387a9a4d664afa Black Beauty <- OL "Black Beauty" by Anna Sewell
[2026-08-16T10:48:13.965Z] [581/750] OK 6a814f6922387a9a4d664afb Treasure  Island <- OL "Treasure Island" by Robert Louis Stevenson
[2026-08-16T10:48:17.395Z] [582/750] OK 6a814f6922387a9a4d664afc Little Women <- OL "Little Women" by Louisa May Alcott
[2026-08-16T10:48:18.063Z] [583/750] NO-MATCH 6a814f6922387a9a4d664afd Gullivers Travles
[2026-08-16T10:48:20.460Z] [584/750] OK 6a814f6922387a9a4d664afe Uncle Toms Cabin <- OL "Uncle Tom's Cabin" by Harriet Beecher Stowe
[2026-08-16T10:48:23.042Z] [585/750] OK 6a814f6922387a9a4d664aff Heidi <- OL "Heidi" by Spyri, Johanna
[2026-08-16T10:48:23.671Z] [586/750] NO-MATCH 6a814f6922387a9a4d664b00 Robin Hood
[2026-08-16T10:48:27.078Z] [587/750] OK 6a814f6922387a9a4d664b01 Alice adventure in wonderland <- OL "Alice's Adventures in Wonderland" by Lewis Carroll
[2026-08-16T10:48:28.204Z] [588/750] NO-MATCH 6a814f6922387a9a4d664b02 Greatest Works Of Oscar Wild (Deluxe Edition)
[2026-08-16T10:48:29.034Z] [589/750] NO-MATCH 6a814f6922387a9a4d664b03 The greatest workes of jules verne
[2026-08-16T10:48:32.310Z] [590/750] OK 6a814f6922387a9a4d664b04 Three men in the boat <- OL "Three Men in a Boat (to say nothing of the dog)" by Jerome Klapka Jérôme
[2026-08-16T10:48:35.059Z] [591/750] OK 6a814f6922387a9a4d664b05 The Richest man in babylon <- OL "The Richest Man in Babylon" by George S. Clason
[2026-08-16T10:48:35.970Z] [592/750] NO-MATCH 6a814f6922387a9a4d664b06 The Best of Kipling
[2026-08-16T10:48:36.654Z] [593/750] NO-MATCH 6a814f6922387a9a4d664b07 The Best of Lewis Carroll
[2026-08-16T10:48:37.854Z] [594/750] NO-MATCH 6a814f6922387a9a4d664b08 The Greatest work of Charles Dickens
[2026-08-16T10:48:42.954Z] [595/750] OK 6a814f6922387a9a4d664b09 The Prophet <- OL "The Prophet" by Kahlil Gibran
[2026-08-16T10:48:43.588Z] [596/750] NO-MATCH 6a814f6922387a9a4d664b0a Arabian nights
[2026-08-16T10:48:44.245Z] [597/750] NO-MATCH 6a814f6922387a9a4d664b0b Animal Fram
[2026-08-16T10:48:47.081Z] [598/750] OK 6a814f6922387a9a4d664b0c The Great Gatsby <- OL "The Great Gatsby" by F. Scott Fitzgerald
[2026-08-16T10:48:49.225Z] [599/750] NO-MATCH 6a814f6922387a9a4d664b0d Stories of books and libraries
[2026-08-16T10:48:51.034Z] [600/750] OK 6a814f6922387a9a4d664b0e Brother karamazov <- OL "Brothers Karamazov" by Fyodor Dostoyevsky
[2026-08-16T10:48:51.386Z] --- progress: 600/750 processed, 254 matched, 346 no-match, 0 failed ---
[2026-08-16T10:48:51.923Z] [601/750] NO-MATCH 6a814f6922387a9a4d664b0f Midnight Childern
[2026-08-16T10:48:54.889Z] [602/750] OK 6a814f6922387a9a4d664b10 Fear and trembling and the book on Adler <- OL "Fear and trembling ; The book on Adler" by Søren Kierkegaard
[2026-08-16T10:48:57.972Z] [603/750] OK 6a814f6922387a9a4d664b11 The count of monte cristo <- OL "The Count of Monte Cristo" by Alexandre Dumas
[2026-08-16T10:49:00.530Z] [604/750] OK 6a814f6922387a9a4d664b12 Dr Jekyll and Mr Hyde <- OL "The Strange Case of Dr. Jekyll and Mr. Hyde" by Robert Louis Stevenson
[2026-08-16T10:49:03.270Z] [605/750] OK 6a814f6922387a9a4d664b13 The plague, the fall, exile and kingdom  <- OL "The Plague, The Fall, Exile and the Kingdom, and Selected Essays" by Albert Camus,Stuart Gilbert,Justin O'Brien
[2026-08-16T10:49:06.087Z] [606/750] OK 6a814f6922387a9a4d664b14 The Bloody Chamber & other <- OL "The bloody chamber and other stories" by Angela Carter
[2026-08-16T10:49:08.699Z] [607/750] OK 6a814f6922387a9a4d664b15 History of my life <- OL "History of my life" by Giacomo Casanova
[2026-08-16T10:49:11.486Z] [608/750] OK 6a814f6922387a9a4d664b16 Notes from a Dead house <- OL "Dostoyevsky. Notes From Underground / White Nights / The Dream of a Ridiculous Man / Selections from The House of the Dead" by Fyodor Dostoyevsky
[2026-08-16T10:49:12.188Z] [609/750] NO-MATCH 6a814f6922387a9a4d664b17 The Cairo Trilogy
[2026-08-16T10:49:13.014Z] [610/750] NO-MATCH 6a814f6922387a9a4d664b18 Rumi Unseen Poems
[2026-08-16T10:49:13.831Z] [611/750] NO-MATCH 6a814f6922387a9a4d664b19 Tokyo Ghoul Complete Box set(Volume 1-14)
[2026-08-16T10:49:14.490Z] [612/750] NO-MATCH 6a814f6922387a9a4d664b1a Gyo ( UK Edition )
[2026-08-16T10:49:15.249Z] [613/750] NO-MATCH 6a814f6922387a9a4d664b1b Uzumaki colouring book
[2026-08-16T10:49:15.810Z] [614/750] NO-MATCH 6a814f6922387a9a4d664b1c Lovesickness (Hard Cover)
[2026-08-16T10:49:16.568Z] [615/750] NO-MATCH 6a814f6922387a9a4d664b1d Sensor (Hard Cover)
[2026-08-16T10:49:17.252Z] [616/750] NO-MATCH 6a814f6922387a9a4d664b1e Smashed Junji Ito Story Collection (Hard Cover)
[2026-08-16T10:49:18.460Z] [617/750] NO-MATCH 6a814f6922387a9a4d664b1f Deserter
[2026-08-16T10:49:19.137Z] [618/750] NO-MATCH 6a814f6922387a9a4d664b20 The Liminal zone 2
[2026-08-16T10:49:20.507Z] [619/750] NO-MATCH 6a814f6922387a9a4d664b21 Tombs
[2026-08-16T10:49:23.776Z] [620/750] OK 6a814f6922387a9a4d664b22 Soichi <- OL "Las caprichosas maldiciones de Sôichi" by Junji Itō,Olinda Cordukes Salleras
[2026-08-16T10:49:27.170Z] [621/750] OK 6a814f6922387a9a4d664b23 Shiver <- OL "Shiver" by Junji Itō
[2026-08-16T10:49:28.462Z] [622/750] NO-MATCH 6a814f6922387a9a4d664b24 Venus ( uk )
[2026-08-16T10:49:29.265Z] [623/750] NO-MATCH 6a814f6922387a9a4d664b25 Mimis Tales of Terror
[2026-08-16T10:49:30.042Z] [624/750] NO-MATCH 6a814f6922387a9a4d664b26 Naruto Itachi's Story
[2026-08-16T10:49:30.996Z] [625/750] NO-MATCH 6a814f6922387a9a4d664b27 Naruto volumes 1,2,3
[2026-08-16T10:49:31.747Z] [626/750] NO-MATCH 6a814f6922387a9a4d664b28 Demon slayer volume 1
[2026-08-16T10:49:32.600Z] [627/750] NO-MATCH 6a814f6922387a9a4d664b29 Attack on Titan volume 1
[2026-08-16T10:49:33.544Z] [628/750] NO-MATCH 6a814f6922387a9a4d664b2a Boruto volume -1
[2026-08-16T10:49:34.362Z] [629/750] NO-MATCH 6a814f6922387a9a4d664b2b Fairy Tail 100 Years quest volume 11
[2026-08-16T10:49:35.619Z] [630/750] NO-MATCH 6a814f6922387a9a4d664b2c spy x Family 1-9
[2026-08-16T10:49:36.299Z] [631/750] NO-MATCH 6a814f6922387a9a4d664b2d The promised Neverland complete box 1-20
[2026-08-16T10:49:37.149Z] [632/750] NO-MATCH 6a814f6922387a9a4d664b2e Naruto box -1 ( volume 1-27 )
[2026-08-16T10:49:37.952Z] [633/750] NO-MATCH 6a814f6922387a9a4d664b2f Jujutsu Kaisen Volume -1
[2026-08-16T10:49:41.236Z] [634/750] OK 6a814f6922387a9a4d664b30 All you need is kill <- OL "All You Need Is Kill Manga #1-2" by Takeshi Obata,Hiroshi Sakurazaka,Yoshitoshi Abe,Ryosuke
[2026-08-16T10:49:42.027Z] [635/750] NO-MATCH 6a814f6922387a9a4d664b31 Death note volume -2
[2026-08-16T10:49:42.570Z] [636/750] NO-MATCH 6a814f6922387a9a4d664b32 Chainsawman volume 1
[2026-08-16T10:49:43.209Z] [637/750] NO-MATCH 6a814f6922387a9a4d664b33 Kagurabachi volume 1
[2026-08-16T10:49:43.843Z] [638/750] NO-MATCH 6a814f6922387a9a4d664b34 DC Compact All star superman
[2026-08-16T10:49:44.605Z] [639/750] NO-MATCH 6a814f6922387a9a4d664b35 DC Compact Harleyquinn and the gotham city sarens
[2026-08-16T10:49:45.268Z] [640/750] NO-MATCH 6a814f6922387a9a4d664b36 DC Compact The Long Halloween
[2026-08-16T10:49:46.163Z] [641/750] NO-MATCH 6a814f6922387a9a4d664b37 DC Compact Superman & Batman
[2026-08-16T10:49:47.002Z] [642/750] NO-MATCH 6a814f6922387a9a4d664b38 DC Compact Superman Birthright
[2026-08-16T10:49:48.119Z] [643/750] NO-MATCH 6a814f6922387a9a4d664b39 DC Compact Batman Hush
[2026-08-16T10:49:48.874Z] [644/750] NO-MATCH 6a814f6922387a9a4d664b3a DC Compect The New Frontier
[2026-08-16T10:49:49.773Z] [645/750] NO-MATCH 6a814f6922387a9a4d664b3b DC Compect Batman the court of Owls saga
[2026-08-16T10:49:50.450Z] [646/750] NO-MATCH 6a814f6922387a9a4d664b3c DC Compect Catwoman Trail of the catwoman
[2026-08-16T10:49:51.042Z] [647/750] NO-MATCH 6a814f6922387a9a4d664b3d Batman The black mirror
[2026-08-16T10:49:51.703Z] [648/750] NO-MATCH 6a814f6922387a9a4d664b3e Batman year one
[2026-08-16T10:49:52.499Z] [649/750] NO-MATCH 6a814f6922387a9a4d664b3f Batman the dark knight returns
[2026-08-16T10:49:55.558Z] [650/750] OK 6a814f6922387a9a4d664b40 Batman Dark Victory <- OL "Batman : the Long Halloween : Dark Victory" by Jeph Loeb,Tim Sale
[2026-08-16T10:49:55.911Z] --- progress: 650/750 processed, 265 matched, 385 no-match, 0 failed ---
[2026-08-16T10:49:56.457Z] [651/750] NO-MATCH 6a814f6922387a9a4d664b41 Batman the long halloween ( Deluxe edition )
[2026-08-16T10:49:57.451Z] [652/750] NO-MATCH 6a814f6922387a9a4d664b42 Batman three jokers ( hard cover )
[2026-08-16T10:49:58.203Z] [653/750] NO-MATCH 6a814f6922387a9a4d664b43 Batman The killing Joke ( Hard cover )
[2026-08-16T10:49:59.120Z] [654/750] NO-MATCH 6a814f6922387a9a4d664b44 Batman who Laughs ( hardcover deluxe edition  )
[2026-08-16T10:50:02.509Z] [655/750] OK 6a814f6922387a9a4d664b45 Batman the caped Crusader <- OL "Whatever Happened to the Caped Crusader? And Other Batman Tales" by Neil Gaiman,Alan Moore,Mark Verheiden
[2026-08-16T10:50:03.215Z] [656/750] NO-MATCH 6a814f6922387a9a4d664b46 Batman last knight on earth
[2026-08-16T10:50:05.736Z] [657/750] OK 6a814f6922387a9a4d664b47 Batman Damned <- OL "Batman. Damned" by Brian Azzarello,Lee Bermejo
[2026-08-16T10:50:06.588Z] [658/750] NO-MATCH 6a814f6922387a9a4d664b48 Batman 80 years of Detectivce Comics
[2026-08-16T10:50:07.561Z] [659/750] NO-MATCH 6a814f6922387a9a4d664b49 Batman the dark night Returns ( 4 book )
[2026-08-16T10:50:09.368Z] [660/750] OK 6a814f6922387a9a4d664b4a Batman A Death in the Family <- OL "Batman a Death in the Family" by Jim Starlin
[2026-08-16T10:50:10.087Z] [661/750] NO-MATCH 6a814f6922387a9a4d664b4b Batman Whatever happened to the Caped Crusader ( D
[2026-08-16T10:50:10.946Z] [662/750] NO-MATCH 6a814f6922387a9a4d664b4c Batman Arkham Asylum
[2026-08-16T10:50:11.949Z] [663/750] NO-MATCH 6a814f6922387a9a4d664b4d Batman Joker
[2026-08-16T10:50:12.948Z] [664/750] NO-MATCH 6a814f6922387a9a4d664b4e Batman Kingdom Come
[2026-08-16T10:50:14.169Z] [665/750] NO-MATCH 6a814f6922387a9a4d664b4f The Batman Box set ( 3 book )
[2026-08-16T10:50:14.788Z] [666/750] NO-MATCH 6a814f6922387a9a4d664b50 Batman One Bad Day box set ( 9 book )
[2026-08-16T10:50:15.440Z] [667/750] NO-MATCH 6a814f6922387a9a4d664b51 Batman Black white box set (5 book )
[2026-08-16T10:50:16.207Z] [668/750] NO-MATCH 6a814f6922387a9a4d664b52 Batman Haunted Knight
[2026-08-16T10:50:17.184Z] [669/750] NO-MATCH 6a814f6922387a9a4d664b53 Batman Ego And other Tails
[2026-08-16T10:50:19.576Z] [670/750] OK 6a814f6922387a9a4d664b54 Batman Under the red Hood <- OL "Batman Under the Red Hood" by Doug Mahnke,Judd Winick,Jeph Loeb,Paul Lee
[2026-08-16T10:50:20.349Z] [671/750] NO-MATCH 6a814f6922387a9a4d664b55 BatmanThe Joker War Saga (Hard Cover)
[2026-08-16T10:50:23.351Z] [672/750] OK 6a814f6922387a9a4d664b56 Batman Omnibus vol-1 <- OL "Batman by Grant Morrison Omnibus Vol. 1" by Grant Morrison
[2026-08-16T10:50:24.037Z] [673/750] NO-MATCH 6a814f6922387a9a4d664b57 Batman Omnibus vol-2
[2026-08-16T10:50:24.726Z] [674/750] NO-MATCH 6a814f6922387a9a4d664b58 Batman Omnibus vol-3
[2026-08-16T10:50:25.515Z] [675/750] NO-MATCH 6a814f6922387a9a4d664b59 Batman V Superman: Dawn Of Justice: Tech Manual: 2
[2026-08-16T10:50:26.555Z] [676/750] NO-MATCH 6a814f6922387a9a4d664b5a Batman : The Ultimate Guide to the Dark Knight Har
[2026-08-16T10:50:27.834Z] [677/750] NO-MATCH 6a814f6922387a9a4d664b5b Drago ball full Color volume-2
[2026-08-16T10:50:28.443Z] [678/750] NO-MATCH 6a814f6922387a9a4d664b5c DC Anatomy of a Metahuman
[2026-08-16T10:50:29.256Z] [679/750] NO-MATCH 6a814f6922387a9a4d664b5d Your name ( haardcover )
[2026-08-16T10:50:30.138Z] [680/750] NO-MATCH 6a814f6922387a9a4d664b5e The adventure Zone
[2026-08-16T10:50:31.262Z] [681/750] NO-MATCH 6a814f6922387a9a4d664b5f Crone
[2026-08-16T10:50:33.130Z] [682/750] OK 6a814f6922387a9a4d664b60 Grendel Omnibus volume -1 <- OL "Grendel Omnibus Volume 1" by Matt Wagner
[2026-08-16T10:50:33.875Z] [683/750] NO-MATCH 6a814f6922387a9a4d664b61 Foodwar volume -1
[2026-08-16T10:50:36.746Z] [684/750] OK 6a814f6922387a9a4d664b62 Batman Hush <- OL "Absolute Batman hush" by Jim Lee,Jeph Loeb,Dan DiDio
[2026-08-16T10:50:38.416Z] [685/750] OK 6a814f6922387a9a4d664b63 Watchmen <- OL "Watchmen" by Alan Moore,Dave Gibbons,John Higgins,DC Comics
[2026-08-16T10:50:39.160Z] [686/750] NO-MATCH 6a814f6922387a9a4d664b64 X Men penguin Marvel Collection
[2026-08-16T10:50:40.141Z] [687/750] NO-MATCH 6a814f6922387a9a4d664b65 Vinland Saga volume -1
[2026-08-16T10:50:40.776Z] [688/750] NO-MATCH 6a814f6922387a9a4d664b66 Vinland Saga volume -8
[2026-08-16T10:50:46.817Z] [689/750] OK 6a814f6922387a9a4d664b67 The book of human insects <- OL "The book of human insects" by Osamu Tezuka
[2026-08-16T10:50:48.048Z] [690/750] NO-MATCH 6a814f6922387a9a4d664b68 Nightwing Get Grayson ( Hardcover )
[2026-08-16T10:50:51.409Z] [691/750] OK 6a814f6922387a9a4d664b69 The Complete Maus <- OL "The Complete Maus" by Art Spiegelman
[2026-08-16T10:50:52.173Z] [692/750] NO-MATCH 6a814f6922387a9a4d664b6a Dceased 5 book box
[2026-08-16T10:50:52.952Z] [693/750] NO-MATCH 6a814f6922387a9a4d664b6b Berserk deluxe edition vol-1
[2026-08-16T10:50:53.588Z] [694/750] NO-MATCH 6a814f6922387a9a4d664b6c Deathnote volume -1 ( Black Edition )
[2026-08-16T10:50:54.127Z] [695/750] NO-MATCH 6a814f6922387a9a4d664b6d Hellboy omnubus box set
[2026-08-16T10:50:54.696Z] [696/750] NO-MATCH 6a814f6922387a9a4d664b6e The Saga of the Swamo thing box set ( 6 book )
[2026-08-16T10:50:55.333Z] [697/750] NO-MATCH 6a814f6922387a9a4d664b6f Finest Teen Titans
[2026-08-16T10:50:56.204Z] [698/750] NO-MATCH 6a814f6922387a9a4d664b70 Absolute Justice League: The World's Greatest Supe
[2026-08-16T10:50:57.089Z] [699/750] NO-MATCH 6a814f6922387a9a4d664b71 Spider-Man: Chapter One ( Marvel )- Vintage
[2026-08-16T10:50:57.834Z] [700/750] NO-MATCH 6a814f6922387a9a4d664b72 HAWKEYE & THUNDERBOLTS VOL. 1 Paperback ( Marvel )
[2026-08-16T10:50:59.139Z] [701/750] NO-MATCH 6a814f6922387a9a4d664b73 New Warriors Darkness and Light Paperback ( Marvel
[2026-08-16T10:50:59.748Z] [702/750] NO-MATCH 6a814f6922387a9a4d664b74 THUNDERBOLTS CLASSIC VOL. 3  Paperback ( Marvel )
[2026-08-16T10:51:00.481Z] [703/750] NO-MATCH 6a814f6922387a9a4d664b75 Avengers: The Complete Collection Vol. 2  Paperbac
[2026-08-16T10:51:01.141Z] [704/750] NO-MATCH 6a814f6922387a9a4d664b76 Hawkeye: Avenging Archer Paperback  Paperback ( Ma
[2026-08-16T10:51:01.876Z] [705/750] NO-MATCH 6a814f6922387a9a4d664b77 Avengers Academy, Vol. 1: Permanent Record Paperba
[2026-08-16T10:51:02.477Z] [706/750] NO-MATCH 6a814f6922387a9a4d664b78 AVENGERS ACADEMY: THE COMPLETE COLLECTION VOL. 3 P
[2026-08-16T10:51:03.221Z] [707/750] NO-MATCH 6a814f6922387a9a4d664b79 Hulk by Jeph Loeb: The Complete Collection 2 Paper
[2026-08-16T10:51:03.930Z] [708/750] NO-MATCH 6a814f6922387a9a4d664b7a New Mutants Epic Collection: Cable Paperback ( Mar
[2026-08-16T10:51:04.655Z] [709/750] NO-MATCH 6a814f6922387a9a4d664b7b SILVER SURFER EPIC COLLECTION: THE INFINITY GAUNTL
[2026-08-16T10:51:05.369Z] [710/750] NO-MATCH 6a814f6922387a9a4d664b7c Thor Epic Collection: The Black Galaxy Paperback  
[2026-08-16T10:51:06.068Z] [711/750] NO-MATCH 6a814f6922387a9a4d664b7d X men: The Hidden Years - Vol. 2 Paperback  ( Marv
[2026-08-16T10:51:06.813Z] [712/750] NO-MATCH 6a814f6922387a9a4d664b7e ACTS OF VENGEANCE: AVENGERS Paperback ( Marvel )
[2026-08-16T10:51:07.661Z] [713/750] NO-MATCH 6a814f6922387a9a4d664b7f X-MEN: GAMBIT - THE COMPLETE COLLECTION VOL. 2 Pap
[2026-08-16T10:51:08.490Z] [714/750] NO-MATCH 6a814f6922387a9a4d664b80 Thor Epic Collection: The Thor War Paperback ( Mar
[2026-08-16T10:51:09.097Z] [715/750] NO-MATCH 6a814f6922387a9a4d664b81 Thor Epic Collection: The Final Gauntlet ( Marvel 
[2026-08-16T10:51:09.842Z] [716/750] NO-MATCH 6a814f6922387a9a4d664b82 Iron Man Epic Collection: Return Of The Ghost Pape
[2026-08-16T10:51:10.467Z] [717/750] NO-MATCH 6a814f6922387a9a4d664b83 EXCALIBUR EPIC COLLECTION: CURIOUSER AND CURIOUSER
[2026-08-16T10:51:11.088Z] [718/750] NO-MATCH 6a814f6922387a9a4d664b84 Captain America Epic Collection: Dawn's Early Ligh
[2026-08-16T10:51:11.672Z] [719/750] NO-MATCH 6a814f6922387a9a4d664b85 FANTASTIC FOUR EPIC COLLECTION: THE MORE THINGS CH
[2026-08-16T10:51:12.243Z] [720/750] NO-MATCH 6a814f6922387a9a4d664b86 Avengers Epic Collection: Heavy Metal Paperback ( 
[2026-08-16T10:51:12.945Z] [721/750] NO-MATCH 6a814f6922387a9a4d664b87 Tintin box set Hard cover ( 8 book )
[2026-08-16T10:51:13.625Z] [722/750] NO-MATCH 6a814f6922387a9a4d664b88 Marvel Encyclopedia
[2026-08-16T10:51:17.332Z] [723/750] OK 6a814f6922387a9a4d664b89 The Quran <- OL "The Holy Qur'an" by Abdullah Yusuf Ali
[2026-08-16T10:51:18.072Z] [724/750] NO-MATCH 6a814f6922387a9a4d664b8a The Holy Quran with Colour Coded English Translati
[2026-08-16T10:51:18.667Z] [725/750] NO-MATCH 6a814f6922387a9a4d664b8b Al Quran(Arabic)(Hard Cover)
[2026-08-16T10:51:19.269Z] [726/750] NO-MATCH 6a814f6922387a9a4d664b8c বাংলা তাফসীর কুর'আনুল কারীম(Hard Cover)
[2026-08-16T10:51:20.010Z] [727/750] NO-MATCH 6a814f6922387a9a4d664b8d Muhammad As if You Can See Him (Hard Cover)
[2026-08-16T10:51:20.600Z] [728/750] NO-MATCH 6a814f6922387a9a4d664b8e Stories of the Prophets (Peach be upon thenm) (Har
[2026-08-16T10:51:21.328Z] [729/750] NO-MATCH 6a814f6922387a9a4d664b8f Minhaj Al-Muslim ( Volume 1-2 set) (Hard Cover)
[2026-08-16T10:51:22.150Z] [730/750] NO-MATCH 6a814f6922387a9a4d664b90 দ্য প্রফেট সন্ত(বাংলা অনুবাদ: রাজা মুখোপাধ্যায়
[2026-08-16T10:51:25.723Z] [731/750] OK 6a814f6922387a9a4d664b91 The First Muslim <- OL "The first Muslim" by Lesley Hazleton,Deepti Gupta
[2026-08-16T10:51:26.841Z] [732/750] NO-MATCH 6a814f6922387a9a4d664b92 Mecca
[2026-08-16T10:51:29.859Z] [733/750] OK 6a814f6922387a9a4d664b93 Oxford quran <- OL "Oxford Handbook of Qur'anic Studies" by Mustafa Shah,M. A. S. Abdel Haleem
[2026-08-16T10:51:30.622Z] [734/750] NO-MATCH 6a814f6922387a9a4d664b94 The Sealed Nectar ( Hardcover Colour coded )
[2026-08-16T10:51:31.241Z] [735/750] NO-MATCH 6a814f6922387a9a4d664b95 The Noble Quran (volume 1-9 )
[2026-08-16T10:51:32.304Z] [736/750] NO-MATCH 6a814f6922387a9a4d664b96 Dont be Sad ( Hard cover )
[2026-08-16T10:51:33.898Z] [737/750] NO-MATCH 6a814f6922387a9a4d664b97 The Messenger
[2026-08-16T10:51:37.373Z] [738/750] OK 6a814f6922387a9a4d664b98 The Muqaddimah <- OL "The Muqaddimah, an introduction to history" by Ibn Khaldūn,عبد الرحمن ابن خلدون Abdel Rahman Ibn Khaldun
[2026-08-16T10:51:38.192Z] [739/750] NO-MATCH 6a814f6922387a9a4d664b99 The biography of ali ( 2 book )
[2026-08-16T10:51:38.868Z] [740/750] NO-MATCH 6a814f6922387a9a4d664b9a The biography of umar ( 2 book )
[2026-08-16T10:51:39.639Z] [741/750] NO-MATCH 6a814f6922387a9a4d664b9b Uthman ibn afnan
[2026-08-16T10:51:40.338Z] [742/750] NO-MATCH 6a814f6922387a9a4d664b9c Healing with the Medicine of the prophet
[2026-08-16T10:51:44.213Z] [743/750] OK 6a814f6922387a9a4d664b9d secrets of divine love <- OL "Secrets of Divine Love" by A. Helwa
[2026-08-16T10:51:44.983Z] [744/750] NO-MATCH 6a814f6922387a9a4d664b9e The Clear Quran
[2026-08-16T10:51:45.677Z] [745/750] NO-MATCH 6a814f6922387a9a4d664b9f Muhammad his life based on the Earliest sources
[2026-08-16T10:51:46.406Z] [746/750] NO-MATCH 6a814f6922387a9a4d664ba0 Classic Tales of Science Fiction & Fantasy
[2026-08-16T10:51:50.276Z] [747/750] OK 6a814f6922387a9a4d664ba1 Arabian nights <- OL "Arabian Nights" by Richard Francis Burton
[2026-08-16T10:51:51.315Z] [748/750] NO-MATCH 6a814f6922387a9a4d664ba2 Tales from 1001 nights
[2026-08-16T10:51:52.472Z] [749/750] NO-MATCH 6a814f6922387a9a4d664ba3 The Brothers grimm volume 2
[2026-08-16T10:51:55.871Z] [750/750] OK 6a814f6922387a9a4d664ba4 The Best of Sherlock Holmes <- OL "The Best of Sherlock Holmes [20 stories]" by Arthur Conan Doyle
[2026-08-16T10:51:56.226Z] --- progress: 750/750 processed, 282 matched, 468 no-match, 0 failed ---
[2026-08-16T10:51:56.226Z] DONE. 282 matched, 468 no-match, 0 failed out of 750 processed this run.
